<unknown>:24: SyntaxWarning: invalid escape sequence '\['
<unknown>:25: SyntaxWarning: invalid escape sequence '\['
<unknown>:26: SyntaxWarning: invalid escape sequence '\('
<unknown>:27: SyntaxWarning: invalid escape sequence '\('
<unknown>:28: SyntaxWarning: invalid escape sequence '\e'
2026-05-18 17:23:34,493 - INFO - HTTP Request: POST https://anast.ita.chalmers.se:4100/v1/chat/completions "HTTP/1.1 200 OK"
2026-05-18 17:23:50,891 - INFO - HTTP Request: POST https://anast.ita.chalmers.se:4100/v1/chat/completions "HTTP/1.1 200 OK"
2026-05-18 17:23:52,648 - INFO - HTTP Request: POST https://anast.ita.chalmers.se:4100/v1/chat/completions "HTTP/1.1 200 OK"
2026-05-18 17:24:06,146 - INFO - HTTP Request: POST https://anast.ita.chalmers.se:4100/v1/chat/completions "HTTP/1.1 200 OK"
2026-05-18 17:24:09,113 - INFO - HTTP Request: POST https://anast.ita.chalmers.se:4100/v1/chat/completions "HTTP/1.1 200 OK"
2026-05-18 17:24:21,744 - INFO - HTTP Request: POST https://anast.ita.chalmers.se:4100/v1/chat/completions "HTTP/1.1 200 OK"
2026-05-18 17:24:24,757 - INFO - HTTP Request: POST https://anast.ita.chalmers.se:4100/v1/chat/completions "HTTP/1.1 200 OK"
2026-05-18 17:24:36,623 - INFO - HTTP Request: POST https://anast.ita.chalmers.se:4100/v1/chat/completions "HTTP/1.1 200 OK"
2026-05-18 17:24:38,924 - INFO - HTTP Request: POST https://anast.ita.chalmers.se:4100/v1/chat/completions "HTTP/1.1 200 OK"
2026-05-18 17:24:50,476 - INFO - HTTP Request: POST https://anast.ita.chalmers.se:4100/v1/chat/completions "HTTP/1.1 200 OK"
2026-05-18 17:24:52,437 - INFO - HTTP Request: POST https://anast.ita.chalmers.se:4100/v1/chat/completions "HTTP/1.1 200 OK"
2026-05-18 17:25:10,208 - INFO - HTTP Request: POST https://anast.ita.chalmers.se:4100/v1/chat/completions "HTTP/1.1 200 OK"
2026-05-18 17:25:14,972 - INFO - HTTP Request: POST https://anast.ita.chalmers.se:4100/v1/chat/completions "HTTP/1.1 200 OK"
2026-05-18 17:25:30,193 - INFO - HTTP Request: POST https://anast.ita.chalmers.se:4100/v1/chat/completions "HTTP/1.1 200 OK"
2026-05-18 17:25:33,603 - INFO - HTTP Request: POST https://anast.ita.chalmers.se:4100/v1/chat/completions "HTTP/1.1 200 OK"
2026-05-18 17:25:45,594 - INFO - HTTP Request: POST https://anast.ita.chalmers.se:4100/v1/chat/completions "HTTP/1.1 200 OK"
2026-05-18 17:25:48,276 - INFO - HTTP Request: POST https://anast.ita.chalmers.se:4100/v1/chat/completions "HTTP/1.1 200 OK"
2026-05-18 17:26:08,788 - INFO - HTTP Request: POST https://anast.ita.chalmers.se:4100/v1/chat/completions "HTTP/1.1 200 OK"
2026-05-18 17:26:17,258 - INFO - HTTP Request: POST https://anast.ita.chalmers.se:4100/v1/chat/completions "HTTP/1.1 200 OK"
2026-05-18 17:26:31,438 - INFO - HTTP Request: POST https://anast.ita.chalmers.se:4100/v1/chat/completions "HTTP/1.1 200 OK"
2026-05-18 17:26:35,046 - INFO - HTTP Request: POST https://anast.ita.chalmers.se:4100/v1/chat/completions "HTTP/1.1 200 OK"
2026-05-18 17:26:47,510 - INFO - HTTP Request: POST https://anast.ita.chalmers.se:4100/v1/chat/completions "HTTP/1.1 200 OK"
2026-05-18 17:26:50,156 - INFO - HTTP Request: POST https://anast.ita.chalmers.se:4100/v1/chat/completions "HTTP/1.1 200 OK"
2026-05-18 17:27:18,215 - INFO - HTTP Request: POST https://anast.ita.chalmers.se:4100/v1/chat/completions "HTTP/1.1 200 OK"
2026-05-18 17:27:44,742 - INFO - Loading model: microsoft/codebert-base-mlm
/data/users/eliassam/miniforge3/lib/python3.12/site-packages/transformers/tokenization_utils_base.py:1601: FutureWarning: `clean_up_tokenization_spaces` was not set. It will be set to `True` by default. This behavior will be depracted in transformers v4.45, and will be then set to `False` by default. For more details check this issue: https://github.com/huggingface/transformers/issues/31884
  warnings.warn(
Some weights of the model checkpoint at microsoft/codebert-base-mlm were not used when initializing RobertaForMaskedLM: ['roberta.pooler.dense.bias', 'roberta.pooler.dense.weight']
- This IS expected if you are initializing RobertaForMaskedLM from the checkpoint of a model trained on another task or with another architecture (e.g. initializing a BertForSequenceClassification model from a BertForPreTraining model).
- This IS NOT expected if you are initializing RobertaForMaskedLM from the checkpoint of a model that you expect to be exactly identical (initializing a BertForSequenceClassification model from a BertForSequenceClassification model).
2026-05-18 17:27:46,907 - INFO - Processed __main__.dot: Score=0.6247 (1 paths)
2026-05-18 17:27:46,966 - INFO - Processed test_case_0.dot: Score=0.5517 (1 paths)
2026-05-18 17:27:47,232 - INFO - Processed test_case_1.dot: Score=0.2750 (3 paths)
2026-05-18 17:27:47,318 - INFO - Processed test_case_2.dot: Score=0.2332 (1 paths)
2026-05-18 17:27:47,384 - INFO - Processed test_case_3.dot: Score=0.3506 (1 paths)
2026-05-18 17:27:47,442 - INFO - Processed test_case_4.dot: Score=0.4858 (1 paths)
2026-05-18 17:27:48,190 - INFO - Processed test_case_5.dot: Score=0.1792 (7 paths)
2026-05-18 17:27:48,305 - INFO - Processed test_case_6.dot: Score=0.1989 (1 paths)
2026-05-18 17:27:48,387 - INFO - Processed test_case_7.dot: Score=0.2615 (1 paths)
2026-05-18 17:27:50,290 - INFO - Processed test_case_8.dot: Score=0.1112 (15 paths)
2026-05-18 17:27:50,760 - INFO - Processed test_case_9.dot: Score=0.1418 (3 paths)
2026-05-18 17:27:50,858 - INFO - Processed test_case_10.dot: Score=0.2798 (1 paths)
2026-05-18 17:27:50,965 - INFO - Processed __main__.dot: Score=0.5482 (1 paths)
2026-05-18 17:27:51,045 - INFO - Processed test_to_namedtuple_with_float_input.dot: Score=0.3473 (1 paths)
2026-05-18 17:27:51,296 - INFO - Processed test_to_namedtuple_with_nested_tuple_containing_set.dot: Score=0.2640 (3 paths)
2026-05-18 17:27:51,407 - INFO - Processed test_to_namedtuple_with_duplicate_keys_and_already_namedtuple_input.dot: Score=0.3420 (1 paths)
2026-05-18 17:27:51,499 - INFO - Processed test_to_namedtuple_raises_on_bytes_input.dot: Score=0.2303 (1 paths)
2026-05-18 17:27:51,579 - INFO - Processed test_to_namedtuple_with_empty_tuple.dot: Score=0.4754 (1 paths)
2026-05-18 17:27:52,708 - INFO - Processed test_to_namedtuple_with_empty_ordered_dict_and_mixed_tuple.dot: Score=0.2223 (7 paths)
2026-05-18 17:27:52,838 - INFO - Processed test_to_namedtuple_with_ordered_dict_containing_special_key.dot: Score=0.2442 (1 paths)
2026-05-18 17:27:52,948 - INFO - Processed test_to_namedtuple_with_nested_empty_list_and_none.dot: Score=0.2163 (1 paths)
2026-05-18 17:27:55,526 - INFO - Processed test_to_namedtuple_with_various_input_types.dot: Score=0.1172 (15 paths)
2026-05-18 17:27:55,951 - INFO - Processed test_to_namedtuple_idempotent_with_nested_structure_and_non_iterable.dot: Score=0.1626 (3 paths)
2026-05-18 17:27:56,063 - INFO - Processed test_to_namedtuple_with_duplicate_bytes_keys.dot: Score=0.1825 (1 paths)
