<unknown>:24: SyntaxWarning: invalid escape sequence '\['
<unknown>:25: SyntaxWarning: invalid escape sequence '\['
<unknown>:26: SyntaxWarning: invalid escape sequence '\('
<unknown>:27: SyntaxWarning: invalid escape sequence '\('
<unknown>:28: SyntaxWarning: invalid escape sequence '\e'
2026-05-19 13:41:40,913 - INFO - HTTP Request: POST https://anast.ita.chalmers.se:4100/v1/chat/completions "HTTP/1.1 200 OK"
2026-05-19 13:41:52,651 - INFO - HTTP Request: POST https://anast.ita.chalmers.se:4100/v1/chat/completions "HTTP/1.1 200 OK"
2026-05-19 13:41:54,886 - INFO - HTTP Request: POST https://anast.ita.chalmers.se:4100/v1/chat/completions "HTTP/1.1 200 OK"
2026-05-19 13:42:08,738 - INFO - HTTP Request: POST https://anast.ita.chalmers.se:4100/v1/chat/completions "HTTP/1.1 200 OK"
2026-05-19 13:42:11,469 - INFO - HTTP Request: POST https://anast.ita.chalmers.se:4100/v1/chat/completions "HTTP/1.1 200 OK"
2026-05-19 13:42:24,071 - INFO - HTTP Request: POST https://anast.ita.chalmers.se:4100/v1/chat/completions "HTTP/1.1 200 OK"
2026-05-19 13:42:26,668 - INFO - HTTP Request: POST https://anast.ita.chalmers.se:4100/v1/chat/completions "HTTP/1.1 200 OK"
2026-05-19 13:42:37,490 - INFO - HTTP Request: POST https://anast.ita.chalmers.se:4100/v1/chat/completions "HTTP/1.1 200 OK"
2026-05-19 13:42:39,522 - INFO - HTTP Request: POST https://anast.ita.chalmers.se:4100/v1/chat/completions "HTTP/1.1 200 OK"
2026-05-19 13:42:50,216 - INFO - HTTP Request: POST https://anast.ita.chalmers.se:4100/v1/chat/completions "HTTP/1.1 200 OK"
2026-05-19 13:42:52,924 - INFO - HTTP Request: POST https://anast.ita.chalmers.se:4100/v1/chat/completions "HTTP/1.1 200 OK"
2026-05-19 13:43:07,943 - INFO - HTTP Request: POST https://anast.ita.chalmers.se:4100/v1/chat/completions "HTTP/1.1 200 OK"
2026-05-19 13:43:12,677 - INFO - HTTP Request: POST https://anast.ita.chalmers.se:4100/v1/chat/completions "HTTP/1.1 200 OK"
2026-05-19 13:43:27,326 - INFO - HTTP Request: POST https://anast.ita.chalmers.se:4100/v1/chat/completions "HTTP/1.1 200 OK"
2026-05-19 13:43:30,428 - INFO - HTTP Request: POST https://anast.ita.chalmers.se:4100/v1/chat/completions "HTTP/1.1 200 OK"
2026-05-19 13:43:41,646 - INFO - HTTP Request: POST https://anast.ita.chalmers.se:4100/v1/chat/completions "HTTP/1.1 200 OK"
2026-05-19 13:43:44,375 - INFO - HTTP Request: POST https://anast.ita.chalmers.se:4100/v1/chat/completions "HTTP/1.1 200 OK"
2026-05-19 13:44:05,207 - INFO - HTTP Request: POST https://anast.ita.chalmers.se:4100/v1/chat/completions "HTTP/1.1 200 OK"
2026-05-19 13:44:14,416 - INFO - HTTP Request: POST https://anast.ita.chalmers.se:4100/v1/chat/completions "HTTP/1.1 200 OK"
2026-05-19 13:44:28,590 - INFO - HTTP Request: POST https://anast.ita.chalmers.se:4100/v1/chat/completions "HTTP/1.1 200 OK"
2026-05-19 13:44:32,119 - INFO - HTTP Request: POST https://anast.ita.chalmers.se:4100/v1/chat/completions "HTTP/1.1 200 OK"
2026-05-19 13:44:43,954 - INFO - HTTP Request: POST https://anast.ita.chalmers.se:4100/v1/chat/completions "HTTP/1.1 200 OK"
2026-05-19 13:44:46,304 - INFO - HTTP Request: POST https://anast.ita.chalmers.se:4100/v1/chat/completions "HTTP/1.1 200 OK"
2026-05-19 13:45:11,275 - INFO - HTTP Request: POST https://anast.ita.chalmers.se:4100/v1/chat/completions "HTTP/1.1 200 OK"
2026-05-19 13:45:37,902 - INFO - Loading model: microsoft/codebert-base-mlm
/data/users/eliassam/miniforge3/lib/python3.12/site-packages/transformers/tokenization_utils_base.py:1601: FutureWarning: `clean_up_tokenization_spaces` was not set. It will be set to `True` by default. This behavior will be depracted in transformers v4.45, and will be then set to `False` by default. For more details check this issue: https://github.com/huggingface/transformers/issues/31884
  warnings.warn(
Some weights of the model checkpoint at microsoft/codebert-base-mlm were not used when initializing RobertaForMaskedLM: ['roberta.pooler.dense.bias', 'roberta.pooler.dense.weight']
- This IS expected if you are initializing RobertaForMaskedLM from the checkpoint of a model trained on another task or with another architecture (e.g. initializing a BertForSequenceClassification model from a BertForPreTraining model).
- This IS NOT expected if you are initializing RobertaForMaskedLM from the checkpoint of a model that you expect to be exactly identical (initializing a BertForSequenceClassification model from a BertForSequenceClassification model).
2026-05-19 13:45:39,468 - INFO - Processed __main__.dot: Score=0.6247 (1 paths)
2026-05-19 13:45:39,538 - INFO - Processed test_case_0.dot: Score=0.5517 (1 paths)
2026-05-19 13:45:39,756 - INFO - Processed test_case_1.dot: Score=0.2750 (3 paths)
2026-05-19 13:45:39,848 - INFO - Processed test_case_2.dot: Score=0.2332 (1 paths)
2026-05-19 13:45:39,923 - INFO - Processed test_case_3.dot: Score=0.3506 (1 paths)
2026-05-19 13:45:39,992 - INFO - Processed test_case_4.dot: Score=0.4858 (1 paths)
2026-05-19 13:45:40,792 - INFO - Processed test_case_5.dot: Score=0.1792 (7 paths)
2026-05-19 13:45:40,914 - INFO - Processed test_case_6.dot: Score=0.1989 (1 paths)
2026-05-19 13:45:41,001 - INFO - Processed test_case_7.dot: Score=0.2615 (1 paths)
2026-05-19 13:45:42,938 - INFO - Processed test_case_8.dot: Score=0.1112 (15 paths)
2026-05-19 13:45:43,273 - INFO - Processed test_case_9.dot: Score=0.1418 (3 paths)
2026-05-19 13:45:43,368 - INFO - Processed test_case_10.dot: Score=0.2798 (1 paths)
2026-05-19 13:45:43,462 - INFO - Processed __main__.dot: Score=0.5482 (1 paths)
2026-05-19 13:45:43,542 - INFO - Processed test_to_namedtuple_with_float_input.dot: Score=0.3551 (1 paths)
2026-05-19 13:45:43,790 - INFO - Processed test_to_namedtuple_with_nested_tuple_and_set.dot: Score=0.2755 (3 paths)
2026-05-19 13:45:43,899 - INFO - Processed test_to_namedtuple_with_duplicate_keys_and_namedtuple_input.dot: Score=0.3137 (1 paths)
2026-05-19 13:45:43,989 - INFO - Processed test_to_namedtuple_raises_on_bytes_input.dot: Score=0.2385 (1 paths)
2026-05-19 13:45:44,067 - INFO - Processed test_to_namedtuple_with_empty_tuple.dot: Score=0.3917 (1 paths)
2026-05-19 13:45:45,955 - INFO - Processed test_to_namedtuple_with_empty_ordered_dict_and_mixed_tuple.dot: Score=0.2464 (7 paths)
2026-05-19 13:45:46,084 - INFO - Processed test_to_namedtuple_with_ordered_dict_containing_special_key.dot: Score=0.2354 (1 paths)
2026-05-19 13:45:46,182 - INFO - Processed test_to_namedtuple_with_nested_empty_list_and_none.dot: Score=0.2080 (1 paths)
2026-05-19 13:45:50,212 - INFO - Processed test_to_namedtuple_with_mixed_input_types.dot: Score=0.2701 (15 paths)
2026-05-19 13:45:50,608 - INFO - Processed test_to_namedtuple_with_nested_structures_and_repeated_conversion.dot: Score=0.1820 (3 paths)
2026-05-19 13:45:50,711 - INFO - Processed test_to_namedtuple_with_bytes_keyed_dict.dot: Score=0.2030 (1 paths)
