<unknown>:24: SyntaxWarning: invalid escape sequence '\['
<unknown>:25: SyntaxWarning: invalid escape sequence '\['
<unknown>:26: SyntaxWarning: invalid escape sequence '\('
<unknown>:27: SyntaxWarning: invalid escape sequence '\('
<unknown>:28: SyntaxWarning: invalid escape sequence '\e'
Unrecognized keys in `rope_scaling` for 'rope_type'='linear': {'type'}
Loading checkpoint shards:   0%|          | 0/7 [00:00<?, ?it/s]Loading checkpoint shards:  14%|█▍        | 1/7 [00:04<00:28,  4.80s/it]Loading checkpoint shards:  29%|██▊       | 2/7 [00:09<00:22,  4.55s/it]Loading checkpoint shards:  43%|████▎     | 3/7 [00:13<00:18,  4.56s/it]Loading checkpoint shards:  57%|█████▋    | 4/7 [00:17<00:13,  4.42s/it]Loading checkpoint shards:  71%|███████▏  | 5/7 [00:22<00:08,  4.35s/it]Loading checkpoint shards:  86%|████████▌ | 6/7 [00:26<00:04,  4.30s/it]Loading checkpoint shards: 100%|██████████| 7/7 [00:29<00:00,  3.92s/it]Loading checkpoint shards: 100%|██████████| 7/7 [00:29<00:00,  4.22s/it]
The attention mask is not set and cannot be inferred from input because pad token is same as eos token. As a consequence, you may observe unexpected behavior. Please pass your input's `attention_mask` to obtain reliable results.
2026-05-19 12:43:58,014 - INFO - Loading model: microsoft/codebert-base-mlm
/data/users/eliassam/miniforge3/lib/python3.12/site-packages/transformers/tokenization_utils_base.py:1601: FutureWarning: `clean_up_tokenization_spaces` was not set. It will be set to `True` by default. This behavior will be depracted in transformers v4.45, and will be then set to `False` by default. For more details check this issue: https://github.com/huggingface/transformers/issues/31884
  warnings.warn(
Some weights of the model checkpoint at microsoft/codebert-base-mlm were not used when initializing RobertaForMaskedLM: ['roberta.pooler.dense.bias', 'roberta.pooler.dense.weight']
- This IS expected if you are initializing RobertaForMaskedLM from the checkpoint of a model trained on another task or with another architecture (e.g. initializing a BertForSequenceClassification model from a BertForPreTraining model).
- This IS NOT expected if you are initializing RobertaForMaskedLM from the checkpoint of a model that you expect to be exactly identical (initializing a BertForSequenceClassification model from a BertForSequenceClassification model).
2026-05-19 12:43:59,230 - INFO - Processed __main__.dot: Score=0.6247 (1 paths)
2026-05-19 12:43:59,299 - INFO - Processed test_case_0.dot: Score=0.5517 (1 paths)
2026-05-19 12:43:59,517 - INFO - Processed test_case_1.dot: Score=0.2750 (3 paths)
2026-05-19 12:43:59,610 - INFO - Processed test_case_2.dot: Score=0.2332 (1 paths)
2026-05-19 12:43:59,686 - INFO - Processed test_case_3.dot: Score=0.3506 (1 paths)
2026-05-19 12:43:59,755 - INFO - Processed test_case_4.dot: Score=0.4858 (1 paths)
2026-05-19 12:44:00,533 - INFO - Processed test_case_5.dot: Score=0.1792 (7 paths)
2026-05-19 12:44:00,657 - INFO - Processed test_case_6.dot: Score=0.1989 (1 paths)
2026-05-19 12:44:00,746 - INFO - Processed test_case_7.dot: Score=0.2615 (1 paths)
2026-05-19 12:44:02,706 - INFO - Processed test_case_8.dot: Score=0.1112 (15 paths)
2026-05-19 12:44:03,030 - INFO - Processed test_case_9.dot: Score=0.1418 (3 paths)
2026-05-19 12:44:03,117 - INFO - Processed test_case_10.dot: Score=0.2798 (1 paths)
2026-05-19 12:44:03,229 - INFO - Processed __main__.dot: Score=0.5273 (1 paths)
2026-05-19 12:44:03,407 - INFO - Processed test_timer_to_namedtuple.dot: Score=0.5297 (3 paths)
2026-05-19 12:44:03,620 - INFO - Processed test_namedtuple_creation.dot: Score=0.3304 (3 paths)
2026-05-19 12:44:03,771 - INFO - Processed test_namedtuple_conversion_and_creation.dot: Score=0.3105 (2 paths)
2026-05-19 12:44:03,969 - INFO - Processed test_to_namedtuple_bytes_input.dot: Score=0.3173 (3 paths)
2026-05-19 12:44:04,031 - INFO - Processed test_tuple_to_namedtuple_conversion.dot: Score=0.4019 (1 paths)
2026-05-19 12:44:04,748 - INFO - Processed test_namedtuple_instances_from_orderdict_generation.dot: Score=0.2527 (9 paths)
2026-05-19 12:44:04,846 - INFO - Processed test_timers_dictionary_creation.dot: Score=0.3503 (1 paths)
2026-05-19 12:44:04,918 - INFO - Processed test_timers_dictionary_instantiation_with_empty_list.dot: Score=0.6092 (1 paths)
2026-05-19 12:44:05,319 - INFO - Processed test_namedtuple_creation_1.dot: Score=0.2281 (5 paths)
2026-05-19 12:44:05,426 - INFO - Processed test_normalize_path_functionality.dot: Score=0.1481 (1 paths)
2026-05-19 12:44:05,520 - INFO - Processed test_to_namedtuple_by_duplicate_name_correction.dot: Score=0.1964 (1 paths)
