/data/users/eliassam/miniforge3/lib/python3.12/site-packages/torch/cuda/__init__.py:628: UserWarning: Can't initialize NVML
  warnings.warn("Can't initialize NVML")
<unknown>:24: SyntaxWarning: invalid escape sequence '\['
<unknown>:25: SyntaxWarning: invalid escape sequence '\['
<unknown>:26: SyntaxWarning: invalid escape sequence '\('
<unknown>:27: SyntaxWarning: invalid escape sequence '\('
<unknown>:28: SyntaxWarning: invalid escape sequence '\e'
2026-05-26 12:11:15,386 - INFO - HTTP Request: POST https://anast.ita.chalmers.se:4100/v1/chat/completions "HTTP/1.1 200 OK"
2026-05-26 12:11:32,180 - INFO - HTTP Request: POST https://anast.ita.chalmers.se:4100/v1/chat/completions "HTTP/1.1 200 OK"
2026-05-26 12:11:34,765 - INFO - HTTP Request: POST https://anast.ita.chalmers.se:4100/v1/chat/completions "HTTP/1.1 200 OK"
2026-05-26 12:11:46,149 - INFO - HTTP Request: POST https://anast.ita.chalmers.se:4100/v1/chat/completions "HTTP/1.1 200 OK"
2026-05-26 12:11:48,260 - INFO - HTTP Request: POST https://anast.ita.chalmers.se:4100/v1/chat/completions "HTTP/1.1 200 OK"
2026-05-26 12:12:06,045 - INFO - HTTP Request: POST https://anast.ita.chalmers.se:4100/v1/chat/completions "HTTP/1.1 200 OK"
2026-05-26 12:12:11,526 - INFO - HTTP Request: POST https://anast.ita.chalmers.se:4100/v1/chat/completions "HTTP/1.1 200 OK"
2026-05-26 12:12:24,928 - INFO - HTTP Request: POST https://anast.ita.chalmers.se:4100/v1/chat/completions "HTTP/1.1 200 OK"
2026-05-26 12:12:27,613 - INFO - HTTP Request: POST https://anast.ita.chalmers.se:4100/v1/chat/completions "HTTP/1.1 200 OK"
2026-05-26 12:12:45,380 - INFO - HTTP Request: POST https://anast.ita.chalmers.se:4100/v1/chat/completions "HTTP/1.1 200 OK"
2026-05-26 12:12:49,289 - INFO - HTTP Request: POST https://anast.ita.chalmers.se:4100/v1/chat/completions "HTTP/1.1 200 OK"
2026-05-26 12:13:02,203 - INFO - HTTP Request: POST https://anast.ita.chalmers.se:4100/v1/chat/completions "HTTP/1.1 200 OK"
2026-05-26 12:13:04,631 - INFO - HTTP Request: POST https://anast.ita.chalmers.se:4100/v1/chat/completions "HTTP/1.1 200 OK"
2026-05-26 12:13:18,383 - INFO - HTTP Request: POST https://anast.ita.chalmers.se:4100/v1/chat/completions "HTTP/1.1 200 OK"
2026-05-26 12:13:20,966 - INFO - HTTP Request: POST https://anast.ita.chalmers.se:4100/v1/chat/completions "HTTP/1.1 200 OK"
2026-05-26 12:13:40,477 - INFO - HTTP Request: POST https://anast.ita.chalmers.se:4100/v1/chat/completions "HTTP/1.1 200 OK"
2026-05-26 12:13:45,616 - INFO - HTTP Request: POST https://anast.ita.chalmers.se:4100/v1/chat/completions "HTTP/1.1 200 OK"
2026-05-26 12:13:58,238 - INFO - HTTP Request: POST https://anast.ita.chalmers.se:4100/v1/chat/completions "HTTP/1.1 200 OK"
2026-05-26 12:14:00,826 - INFO - HTTP Request: POST https://anast.ita.chalmers.se:4100/v1/chat/completions "HTTP/1.1 200 OK"
2026-05-26 12:14:16,509 - INFO - HTTP Request: POST https://anast.ita.chalmers.se:4100/v1/chat/completions "HTTP/1.1 200 OK"
2026-05-26 12:14:20,613 - INFO - HTTP Request: POST https://anast.ita.chalmers.se:4100/v1/chat/completions "HTTP/1.1 200 OK"
2026-05-26 12:14:35,468 - INFO - HTTP Request: POST https://anast.ita.chalmers.se:4100/v1/chat/completions "HTTP/1.1 200 OK"
2026-05-26 12:14:38,986 - INFO - HTTP Request: POST https://anast.ita.chalmers.se:4100/v1/chat/completions "HTTP/1.1 200 OK"
2026-05-26 12:14:54,571 - INFO - HTTP Request: POST https://anast.ita.chalmers.se:4100/v1/chat/completions "HTTP/1.1 200 OK"
2026-05-26 12:14:58,272 - INFO - HTTP Request: POST https://anast.ita.chalmers.se:4100/v1/chat/completions "HTTP/1.1 200 OK"
2026-05-26 12:15:16,448 - INFO - HTTP Request: POST https://anast.ita.chalmers.se:4100/v1/chat/completions "HTTP/1.1 200 OK"
2026-05-26 12:15:20,460 - INFO - HTTP Request: POST https://anast.ita.chalmers.se:4100/v1/chat/completions "HTTP/1.1 200 OK"
2026-05-26 12:15:34,965 - INFO - HTTP Request: POST https://anast.ita.chalmers.se:4100/v1/chat/completions "HTTP/1.1 200 OK"
2026-05-26 12:15:38,046 - INFO - HTTP Request: POST https://anast.ita.chalmers.se:4100/v1/chat/completions "HTTP/1.1 200 OK"
2026-05-26 12:15:54,100 - INFO - HTTP Request: POST https://anast.ita.chalmers.se:4100/v1/chat/completions "HTTP/1.1 200 OK"
2026-05-26 12:15:58,316 - INFO - HTTP Request: POST https://anast.ita.chalmers.se:4100/v1/chat/completions "HTTP/1.1 200 OK"
2026-05-26 12:16:10,929 - INFO - HTTP Request: POST https://anast.ita.chalmers.se:4100/v1/chat/completions "HTTP/1.1 200 OK"
2026-05-26 12:16:13,805 - INFO - HTTP Request: POST https://anast.ita.chalmers.se:4100/v1/chat/completions "HTTP/1.1 200 OK"
2026-05-26 12:16:31,254 - INFO - HTTP Request: POST https://anast.ita.chalmers.se:4100/v1/chat/completions "HTTP/1.1 200 OK"
2026-05-26 12:16:40,816 - INFO - HTTP Request: POST https://anast.ita.chalmers.se:4100/v1/chat/completions "HTTP/1.1 200 OK"
2026-05-26 12:16:47,025 - INFO - server error, backing off for 1s
2026-05-26 12:16:48,053 - INFO - server error, backing off for 2s
2026-05-26 12:16:50,081 - INFO - server error, backing off for 4s
2026-05-26 12:16:54,112 - INFO - server error, backing off for 8s
2026-05-26 12:17:02,143 - INFO - server error, backing off for 16s
2026-05-26 12:17:18,212 - INFO - server error, backing off for 1s
2026-05-26 12:17:19,242 - INFO - server error, backing off for 2s
2026-05-26 12:17:21,294 - INFO - server error, backing off for 4s
2026-05-26 12:17:25,327 - INFO - server error, backing off for 8s
2026-05-26 12:17:33,355 - INFO - server error, backing off for 16s
2026-05-26 12:18:04,481 - INFO - HTTP Request: POST https://anast.ita.chalmers.se:4100/v1/chat/completions "HTTP/1.1 200 OK"
2026-05-26 12:18:07,771 - INFO - HTTP Request: POST https://anast.ita.chalmers.se:4100/v1/chat/completions "HTTP/1.1 200 OK"
2026-05-26 12:18:20,822 - INFO - HTTP Request: POST https://anast.ita.chalmers.se:4100/v1/chat/completions "HTTP/1.1 200 OK"
2026-05-26 12:18:26,757 - INFO - HTTP Request: POST https://anast.ita.chalmers.se:4100/v1/chat/completions "HTTP/1.1 200 OK"
2026-05-26 12:18:52,991 - INFO - HTTP Request: POST https://anast.ita.chalmers.se:4100/v1/chat/completions "HTTP/1.1 200 OK"
2026-05-26 12:19:36,633 - INFO - Loading model: microsoft/codebert-base-mlm
/data/users/eliassam/miniforge3/lib/python3.12/site-packages/transformers/tokenization_utils_base.py:1601: FutureWarning: `clean_up_tokenization_spaces` was not set. It will be set to `True` by default. This behavior will be depracted in transformers v4.45, and will be then set to `False` by default. For more details check this issue: https://github.com/huggingface/transformers/issues/31884
  warnings.warn(
Some weights of the model checkpoint at microsoft/codebert-base-mlm were not used when initializing RobertaForMaskedLM: ['roberta.pooler.dense.bias', 'roberta.pooler.dense.weight']
- This IS expected if you are initializing RobertaForMaskedLM from the checkpoint of a model trained on another task or with another architecture (e.g. initializing a BertForSequenceClassification model from a BertForPreTraining model).
- This IS NOT expected if you are initializing RobertaForMaskedLM from the checkpoint of a model that you expect to be exactly identical (initializing a BertForSequenceClassification model from a BertForSequenceClassification model).
2026-05-26 12:19:39,758 - INFO - Processed __main__.dot: Score=0.8692 (1 paths)
2026-05-26 12:19:41,976 - INFO - Processed test_case_0.dot: Score=0.3918 (1 paths)
2026-05-26 12:19:42,178 - INFO - Processed test_case_1.dot: Score=0.4033 (1 paths)
2026-05-26 12:19:51,235 - INFO - Processed test_case_2.dot: Score=0.1618 (50 paths)
2026-05-26 12:19:51,355 - INFO - Processed test_case_3.dot: Score=0.3069 (2 paths)
2026-05-26 12:19:51,653 - INFO - Processed test_case_4.dot: Score=0.2873 (5 paths)
2026-05-26 12:19:51,797 - INFO - Processed test_case_5.dot: Score=0.4323 (3 paths)
2026-05-26 12:19:51,972 - INFO - Processed test_case_6.dot: Score=0.2701 (3 paths)
2026-05-26 12:19:55,057 - INFO - Processed test_case_7.dot: Score=0.1339 (38 paths)
2026-05-26 12:19:55,205 - INFO - Processed test_case_8.dot: Score=0.4911 (3 paths)
2026-05-26 12:19:55,917 - INFO - Processed test_case_9.dot: Score=0.2056 (12 paths)
2026-05-26 12:19:56,312 - INFO - Processed test_case_10.dot: Score=0.2094 (6 paths)
2026-05-26 12:19:57,916 - INFO - Processed test_case_11.dot: Score=0.1839 (24 paths)
2026-05-26 12:20:00,276 - INFO - Processed test_case_12.dot: Score=0.1645 (34 paths)
2026-05-26 12:20:00,871 - INFO - Processed test_case_13.dot: Score=0.1918 (10 paths)
2026-05-26 12:20:01,995 - INFO - Processed test_case_14.dot: Score=0.1790 (18 paths)
2026-05-26 12:20:02,107 - INFO - Processed test_case_15.dot: Score=0.2980 (2 paths)
2026-05-26 12:20:04,973 - INFO - Processed test_case_16.dot: Score=0.1663 (40 paths)
2026-05-26 12:20:10,887 - INFO - Processed test_case_17.dot: Score=0.1025 (50 paths)
2026-05-26 12:20:11,647 - INFO - Processed test_case_18.dot: Score=0.2135 (13 paths)
2026-05-26 12:20:11,764 - INFO - Processed test_case_19.dot: Score=0.2928 (2 paths)
2026-05-26 12:20:11,890 - INFO - Processed __main__.dot: Score=0.6625 (1 paths)
2026-05-26 12:20:11,964 - INFO - Processed test_maybe_constructor_with_bytes_arguments.dot: Score=0.3729 (1 paths)
2026-05-26 12:20:12,030 - INFO - Processed test_maybe_initialized_with_none_values.dot: Score=0.3924 (1 paths)
2026-05-26 12:20:17,938 - INFO - Processed test_maybe_chained_operations_with_string_value.dot: Score=0.1426 (50 paths)
2026-05-26 12:20:18,073 - INFO - Processed test_maybe_eq_returns_false_when_compared_to_set.dot: Score=0.2556 (2 paths)
2026-05-26 12:20:18,736 - INFO - Processed test_maybe_bind_map_then_invalid_method_on_set.dot: Score=0.2158 (10 paths)
2026-05-26 12:20:18,898 - INFO - Processed test_maybe_map_with_none_value_and_false_flag.dot: Score=0.3300 (3 paths)
2026-05-26 12:20:19,095 - INFO - Processed test_maybe_bind_with_empty_dict_on_none_value_maybe.dot: Score=0.2194 (3 paths)
2026-05-26 12:20:22,983 - INFO - Processed test_maybe_filter_and_ap_with_mixed_types.dot: Score=0.1256 (38 paths)
2026-05-26 12:20:23,150 - INFO - Processed test_maybe_ap_with_none_value_and_false_flag.dot: Score=0.4452 (3 paths)
2026-05-26 12:20:24,049 - INFO - Processed test_maybe_filter_and_lazy_map_chaining.dot: Score=0.2114 (12 paths)
2026-05-26 12:20:24,341 - INFO - Processed test_filter_on_maybe_with_none_value_returns_lazy.dot: Score=0.1869 (4 paths)
2026-05-26 12:20:26,353 - INFO - Processed test_maybe_get_or_else_and_filter_with_generic.dot: Score=0.3154 (24 paths)
2026-05-26 12:20:29,279 - INFO - Processed test_maybe_to_validation_get_or_else_and_bind_operations.dot: Score=0.1447 (34 paths)
2026-05-26 12:20:30,013 - INFO - Processed test_maybe_map_with_none_value_and_to_either_with_int_value.dot: Score=0.1985 (10 paths)
2026-05-26 12:20:31,338 - INFO - Processed test_maybe_conversions_with_none_and_tuple_values.dot: Score=0.1789 (18 paths)
2026-05-26 12:20:31,464 - INFO - Processed test_maybe_to_try_chained_to_box.dot: Score=0.2675 (2 paths)
