<unknown>:24: SyntaxWarning: invalid escape sequence '\['
<unknown>:25: SyntaxWarning: invalid escape sequence '\['
<unknown>:26: SyntaxWarning: invalid escape sequence '\('
<unknown>:27: SyntaxWarning: invalid escape sequence '\('
<unknown>:28: SyntaxWarning: invalid escape sequence '\e'
2026-05-21 12:09:47,115 - INFO - HTTP Request: POST https://anast.ita.chalmers.se:4100/v1/chat/completions "HTTP/1.1 200 OK"
2026-05-21 12:10:07,758 - INFO - HTTP Request: POST https://anast.ita.chalmers.se:4100/v1/chat/completions "HTTP/1.1 200 OK"
2026-05-21 12:10:09,462 - INFO - HTTP Request: POST https://anast.ita.chalmers.se:4100/v1/chat/completions "HTTP/1.1 200 OK"
2026-05-21 12:10:27,849 - INFO - HTTP Request: POST https://anast.ita.chalmers.se:4100/v1/chat/completions "HTTP/1.1 200 OK"
2026-05-21 12:10:29,920 - INFO - HTTP Request: POST https://anast.ita.chalmers.se:4100/v1/chat/completions "HTTP/1.1 200 OK"
2026-05-21 12:10:46,985 - INFO - HTTP Request: POST https://anast.ita.chalmers.se:4100/v1/chat/completions "HTTP/1.1 200 OK"
2026-05-21 12:10:49,307 - INFO - HTTP Request: POST https://anast.ita.chalmers.se:4100/v1/chat/completions "HTTP/1.1 200 OK"
2026-05-21 12:11:08,098 - INFO - HTTP Request: POST https://anast.ita.chalmers.se:4100/v1/chat/completions "HTTP/1.1 200 OK"
2026-05-21 12:11:11,367 - INFO - HTTP Request: POST https://anast.ita.chalmers.se:4100/v1/chat/completions "HTTP/1.1 200 OK"
2026-05-21 12:11:31,061 - INFO - HTTP Request: POST https://anast.ita.chalmers.se:4100/v1/chat/completions "HTTP/1.1 200 OK"
2026-05-21 12:11:33,611 - INFO - HTTP Request: POST https://anast.ita.chalmers.se:4100/v1/chat/completions "HTTP/1.1 200 OK"
2026-05-21 12:11:35,717 - INFO - Loading model: microsoft/codebert-base-mlm
/data/users/eliassam/miniforge3/lib/python3.12/site-packages/transformers/tokenization_utils_base.py:1601: FutureWarning: `clean_up_tokenization_spaces` was not set. It will be set to `True` by default. This behavior will be depracted in transformers v4.45, and will be then set to `False` by default. For more details check this issue: https://github.com/huggingface/transformers/issues/31884
  warnings.warn(
Some weights of the model checkpoint at microsoft/codebert-base-mlm were not used when initializing RobertaForMaskedLM: ['roberta.pooler.dense.bias', 'roberta.pooler.dense.weight']
- This IS expected if you are initializing RobertaForMaskedLM from the checkpoint of a model trained on another task or with another architecture (e.g. initializing a BertForSequenceClassification model from a BertForPreTraining model).
- This IS NOT expected if you are initializing RobertaForMaskedLM from the checkpoint of a model that you expect to be exactly identical (initializing a BertForSequenceClassification model from a BertForSequenceClassification model).
2026-05-21 12:11:38,128 - INFO - Processed __main__.dot: Score=0.7173 (1 paths)
2026-05-21 12:11:38,768 - INFO - Processed test_case_0.dot: Score=0.9371 (1 paths)
2026-05-21 12:11:42,440 - INFO - Processed test_case_1.dot: Score=0.3863 (2 paths)
2026-05-21 12:11:43,478 - INFO - Processed test_case_2.dot: Score=0.4633 (1 paths)
2026-05-21 12:11:44,545 - INFO - Processed test_case_3.dot: Score=0.2332 (1 paths)
2026-05-21 12:11:45,047 - INFO - Processed test_case_4.dot: Score=0.4287 (2 paths)
2026-05-21 12:11:45,129 - INFO - Processed __main__.dot: Score=0.6240 (1 paths)
2026-05-21 12:11:45,185 - INFO - Processed test_formatter_plugin_instantiation_succeeds.dot: Score=0.5561 (1 paths)
2026-05-21 12:11:45,365 - INFO - Processed test_auth_plugin_get_auth_accepts_password_with_special_characters.dot: Score=0.3725 (2 paths)
2026-05-21 12:11:45,432 - INFO - Processed test_transport_plugin_get_adapter_does_not_raise.dot: Score=0.3708 (1 paths)
2026-05-21 12:11:45,540 - INFO - Processed test_converter_plugin_accepts_bytes_and_transport_plugin_get_adapter_runs.dot: Score=0.2958 (1 paths)
2026-05-21 12:11:45,665 - INFO - Processed test_converter_plugin_instantiation_and_convert_with_none.dot: Score=0.4799 (2 paths)
<unknown>:24: SyntaxWarning: invalid escape sequence '\['
<unknown>:25: SyntaxWarning: invalid escape sequence '\['
<unknown>:26: SyntaxWarning: invalid escape sequence '\('
<unknown>:27: SyntaxWarning: invalid escape sequence '\('
<unknown>:28: SyntaxWarning: invalid escape sequence '\e'
2026-05-21 12:11:56,484 - INFO - HTTP Request: POST https://anast.ita.chalmers.se:4100/v1/chat/completions "HTTP/1.1 200 OK"
2026-05-21 12:12:16,543 - INFO - HTTP Request: POST https://anast.ita.chalmers.se:4100/v1/chat/completions "HTTP/1.1 200 OK"
2026-05-21 12:12:18,286 - INFO - HTTP Request: POST https://anast.ita.chalmers.se:4100/v1/chat/completions "HTTP/1.1 200 OK"
2026-05-21 12:12:37,132 - INFO - HTTP Request: POST https://anast.ita.chalmers.se:4100/v1/chat/completions "HTTP/1.1 200 OK"
2026-05-21 12:12:39,862 - INFO - HTTP Request: POST https://anast.ita.chalmers.se:4100/v1/chat/completions "HTTP/1.1 200 OK"
2026-05-21 12:12:56,393 - INFO - HTTP Request: POST https://anast.ita.chalmers.se:4100/v1/chat/completions "HTTP/1.1 200 OK"
2026-05-21 12:12:58,667 - INFO - HTTP Request: POST https://anast.ita.chalmers.se:4100/v1/chat/completions "HTTP/1.1 200 OK"
2026-05-21 12:13:17,165 - INFO - HTTP Request: POST https://anast.ita.chalmers.se:4100/v1/chat/completions "HTTP/1.1 200 OK"
2026-05-21 12:13:20,774 - INFO - HTTP Request: POST https://anast.ita.chalmers.se:4100/v1/chat/completions "HTTP/1.1 200 OK"
2026-05-21 12:13:41,129 - INFO - HTTP Request: POST https://anast.ita.chalmers.se:4100/v1/chat/completions "HTTP/1.1 200 OK"
2026-05-21 12:13:44,168 - INFO - HTTP Request: POST https://anast.ita.chalmers.se:4100/v1/chat/completions "HTTP/1.1 200 OK"
2026-05-21 12:13:46,022 - INFO - Loading model: microsoft/codebert-base-mlm
/data/users/eliassam/miniforge3/lib/python3.12/site-packages/transformers/tokenization_utils_base.py:1601: FutureWarning: `clean_up_tokenization_spaces` was not set. It will be set to `True` by default. This behavior will be depracted in transformers v4.45, and will be then set to `False` by default. For more details check this issue: https://github.com/huggingface/transformers/issues/31884
  warnings.warn(
Some weights of the model checkpoint at microsoft/codebert-base-mlm were not used when initializing RobertaForMaskedLM: ['roberta.pooler.dense.bias', 'roberta.pooler.dense.weight']
- This IS expected if you are initializing RobertaForMaskedLM from the checkpoint of a model trained on another task or with another architecture (e.g. initializing a BertForSequenceClassification model from a BertForPreTraining model).
- This IS NOT expected if you are initializing RobertaForMaskedLM from the checkpoint of a model that you expect to be exactly identical (initializing a BertForSequenceClassification model from a BertForSequenceClassification model).
2026-05-21 12:13:48,495 - INFO - Processed __main__.dot: Score=0.7173 (1 paths)
2026-05-21 12:13:49,559 - INFO - Processed test_case_0.dot: Score=0.9371 (1 paths)
2026-05-21 12:13:53,775 - INFO - Processed test_case_1.dot: Score=0.3863 (2 paths)
2026-05-21 12:13:55,436 - INFO - Processed test_case_2.dot: Score=0.4633 (1 paths)
2026-05-21 12:13:55,973 - INFO - Processed test_case_3.dot: Score=0.2332 (1 paths)
2026-05-21 12:13:59,194 - INFO - Processed test_case_4.dot: Score=0.4287 (2 paths)
2026-05-21 12:14:00,215 - INFO - Processed __main__.dot: Score=0.6240 (1 paths)
2026-05-21 12:14:01,816 - INFO - Processed test_formatter_plugin_can_be_instantiated.dot: Score=0.5665 (1 paths)
2026-05-21 12:14:01,969 - INFO - Processed test_auth_plugin_get_auth_accepts_password_with_special_characters.dot: Score=0.3027 (2 paths)
2026-05-21 12:14:03,590 - INFO - Processed test_transport_plugin_get_adapter_does_not_raise.dot: Score=0.3708 (1 paths)
2026-05-21 12:14:03,912 - INFO - Processed test_converter_plugin_accepts_bytes_and_transport_plugin_get_adapter.dot: Score=0.2725 (1 paths)
2026-05-21 12:14:04,042 - INFO - Processed test_converter_plugin_accepts_none_on_init_and_convert.dot: Score=0.3913 (2 paths)
<unknown>:24: SyntaxWarning: invalid escape sequence '\['
<unknown>:25: SyntaxWarning: invalid escape sequence '\['
<unknown>:26: SyntaxWarning: invalid escape sequence '\('
<unknown>:27: SyntaxWarning: invalid escape sequence '\('
<unknown>:28: SyntaxWarning: invalid escape sequence '\e'
2026-05-21 12:14:15,616 - INFO - HTTP Request: POST https://anast.ita.chalmers.se:4100/v1/chat/completions "HTTP/1.1 200 OK"
2026-05-21 12:14:33,940 - INFO - HTTP Request: POST https://anast.ita.chalmers.se:4100/v1/chat/completions "HTTP/1.1 200 OK"
2026-05-21 12:14:35,381 - INFO - HTTP Request: POST https://anast.ita.chalmers.se:4100/v1/chat/completions "HTTP/1.1 200 OK"
2026-05-21 12:14:52,997 - INFO - HTTP Request: POST https://anast.ita.chalmers.se:4100/v1/chat/completions "HTTP/1.1 200 OK"
2026-05-21 12:14:55,631 - INFO - HTTP Request: POST https://anast.ita.chalmers.se:4100/v1/chat/completions "HTTP/1.1 200 OK"
2026-05-21 12:15:13,215 - INFO - HTTP Request: POST https://anast.ita.chalmers.se:4100/v1/chat/completions "HTTP/1.1 200 OK"
2026-05-21 12:15:15,228 - INFO - HTTP Request: POST https://anast.ita.chalmers.se:4100/v1/chat/completions "HTTP/1.1 200 OK"
2026-05-21 12:15:35,240 - INFO - HTTP Request: POST https://anast.ita.chalmers.se:4100/v1/chat/completions "HTTP/1.1 200 OK"
2026-05-21 12:15:38,409 - INFO - HTTP Request: POST https://anast.ita.chalmers.se:4100/v1/chat/completions "HTTP/1.1 200 OK"
2026-05-21 12:15:59,445 - INFO - HTTP Request: POST https://anast.ita.chalmers.se:4100/v1/chat/completions "HTTP/1.1 200 OK"
2026-05-21 12:16:02,078 - INFO - HTTP Request: POST https://anast.ita.chalmers.se:4100/v1/chat/completions "HTTP/1.1 200 OK"
2026-05-21 12:16:04,765 - INFO - Loading model: microsoft/codebert-base-mlm
/data/users/eliassam/miniforge3/lib/python3.12/site-packages/transformers/tokenization_utils_base.py:1601: FutureWarning: `clean_up_tokenization_spaces` was not set. It will be set to `True` by default. This behavior will be depracted in transformers v4.45, and will be then set to `False` by default. For more details check this issue: https://github.com/huggingface/transformers/issues/31884
  warnings.warn(
Some weights of the model checkpoint at microsoft/codebert-base-mlm were not used when initializing RobertaForMaskedLM: ['roberta.pooler.dense.bias', 'roberta.pooler.dense.weight']
- This IS expected if you are initializing RobertaForMaskedLM from the checkpoint of a model trained on another task or with another architecture (e.g. initializing a BertForSequenceClassification model from a BertForPreTraining model).
- This IS NOT expected if you are initializing RobertaForMaskedLM from the checkpoint of a model that you expect to be exactly identical (initializing a BertForSequenceClassification model from a BertForSequenceClassification model).
2026-05-21 12:16:07,477 - INFO - Processed __main__.dot: Score=0.7173 (1 paths)
2026-05-21 12:16:08,500 - INFO - Processed test_case_0.dot: Score=0.9371 (1 paths)
2026-05-21 12:16:12,051 - INFO - Processed test_case_1.dot: Score=0.3863 (2 paths)
2026-05-21 12:16:13,666 - INFO - Processed test_case_2.dot: Score=0.4633 (1 paths)
2026-05-21 12:16:15,485 - INFO - Processed test_case_3.dot: Score=0.2332 (1 paths)
2026-05-21 12:16:18,926 - INFO - Processed test_case_4.dot: Score=0.4287 (2 paths)
2026-05-21 12:16:20,102 - INFO - Processed __main__.dot: Score=0.6240 (1 paths)
2026-05-21 12:16:21,718 - INFO - Processed test_formatter_plugin_can_be_instantiated.dot: Score=0.5815 (1 paths)
2026-05-21 12:16:24,303 - INFO - Processed test_auth_plugin_get_auth_called_with_password.dot: Score=0.4267 (2 paths)
2026-05-21 12:16:25,393 - INFO - Processed test_transport_plugin_get_adapter_does_not_raise.dot: Score=0.3708 (1 paths)
2026-05-21 12:16:25,512 - INFO - Processed test_converter_plugin_accepts_bytes_and_transport_plugin_returns_adapter.dot: Score=0.2038 (1 paths)
2026-05-21 12:16:25,650 - INFO - Processed test_converter_plugin_convert_with_none_does_not_raise.dot: Score=0.4459 (2 paths)
