<unknown>:24: SyntaxWarning: invalid escape sequence '\['
<unknown>:25: SyntaxWarning: invalid escape sequence '\['
<unknown>:26: SyntaxWarning: invalid escape sequence '\('
<unknown>:27: SyntaxWarning: invalid escape sequence '\('
<unknown>:28: SyntaxWarning: invalid escape sequence '\e'
Unrecognized keys in `rope_scaling` for 'rope_type'='linear': {'type'}
Loading checkpoint shards:   0%|          | 0/7 [00:00<?, ?it/s]Loading checkpoint shards:  14%|█▍        | 1/7 [00:42<04:15, 42.51s/it]Loading checkpoint shards:  29%|██▊       | 2/7 [01:22<03:25, 41.16s/it]Loading checkpoint shards:  43%|████▎     | 3/7 [02:02<02:41, 40.38s/it]Loading checkpoint shards:  57%|█████▋    | 4/7 [02:44<02:03, 41.28s/it]Loading checkpoint shards:  71%|███████▏  | 5/7 [03:25<01:22, 41.16s/it]Loading checkpoint shards:  86%|████████▌ | 6/7 [04:07<00:41, 41.44s/it]Loading checkpoint shards: 100%|██████████| 7/7 [04:39<00:00, 38.39s/it]Loading checkpoint shards: 100%|██████████| 7/7 [04:39<00:00, 39.98s/it]
The attention mask is not set and cannot be inferred from input because pad token is same as eos token. As a consequence, you may observe unexpected behavior. Please pass your input's `attention_mask` to obtain reliable results.
2026-05-19 14:22:07,384 - INFO - Loading model: microsoft/codebert-base-mlm
/data/users/eliassam/miniforge3/lib/python3.12/site-packages/transformers/tokenization_utils_base.py:1601: FutureWarning: `clean_up_tokenization_spaces` was not set. It will be set to `True` by default. This behavior will be depracted in transformers v4.45, and will be then set to `False` by default. For more details check this issue: https://github.com/huggingface/transformers/issues/31884
  warnings.warn(
Some weights of the model checkpoint at microsoft/codebert-base-mlm were not used when initializing RobertaForMaskedLM: ['roberta.pooler.dense.bias', 'roberta.pooler.dense.weight']
- This IS expected if you are initializing RobertaForMaskedLM from the checkpoint of a model trained on another task or with another architecture (e.g. initializing a BertForSequenceClassification model from a BertForPreTraining model).
- This IS NOT expected if you are initializing RobertaForMaskedLM from the checkpoint of a model that you expect to be exactly identical (initializing a BertForSequenceClassification model from a BertForSequenceClassification model).
2026-05-19 14:22:08,898 - INFO - Processed __main__.dot: Score=0.7027 (1 paths)
2026-05-19 14:22:08,955 - INFO - Processed test_case_0.dot: Score=0.7557 (1 paths)
2026-05-19 14:22:09,204 - INFO - Processed test_case_1.dot: Score=0.4087 (4 paths)
2026-05-19 14:22:09,324 - INFO - Processed test_case_2.dot: Score=0.4158 (2 paths)
2026-05-19 14:22:09,398 - INFO - Processed test_case_3.dot: Score=0.3199 (1 paths)
2026-05-19 14:22:09,569 - INFO - Processed test_case_4.dot: Score=0.2098 (2 paths)
2026-05-19 14:22:12,202 - INFO - Processed test_case_5.dot: Score=0.2289 (31 paths)
2026-05-19 14:22:15,129 - INFO - Processed test_case_6.dot: Score=0.2354 (34 paths)
2026-05-19 14:22:15,734 - INFO - Processed test_case_7.dot: Score=0.1935 (8 paths)
2026-05-19 14:22:16,367 - INFO - Processed test_case_8.dot: Score=0.3195 (9 paths)
2026-05-19 14:22:16,613 - INFO - Processed test_case_9.dot: Score=0.3653 (4 paths)
2026-05-19 14:22:16,714 - INFO - Processed __main__.dot: Score=0.3386 (1 paths)
2026-05-19 14:22:16,764 - INFO - Processed test_instantiate_timer_error_without_args.dot: Score=0.5779 (1 paths)
2026-05-19 14:22:17,138 - INFO - Processed test_timer_enter_start_exit_start.dot: Score=0.2857 (5 paths)
2026-05-19 14:22:17,536 - INFO - Processed test_enter_and_exit_methods_should_behave_like_context_manager.dot: Score=0.3679 (5 paths)
2026-05-19 14:22:17,623 - INFO - Processed test_unique_test_name_test_timer_exit_method.dot: Score=0.2494 (1 paths)
2026-05-19 14:22:17,958 - INFO - Processed test_init_timer_without_logger_raises_error.dot: Score=0.2983 (4 paths)
2026-05-19 14:22:25,808 - INFO - Processed test_timer_initialization_checks.dot: Score=0.1663 (50 paths)
