<unknown>:24: SyntaxWarning: invalid escape sequence '\['
<unknown>:25: SyntaxWarning: invalid escape sequence '\['
<unknown>:26: SyntaxWarning: invalid escape sequence '\('
<unknown>:27: SyntaxWarning: invalid escape sequence '\('
<unknown>:28: SyntaxWarning: invalid escape sequence '\e'
2026-05-19 13:55:08,485 - INFO - HTTP Request: POST https://anast.ita.chalmers.se:4100/v1/chat/completions "HTTP/1.1 200 OK"
2026-05-19 13:55:22,062 - INFO - HTTP Request: POST https://anast.ita.chalmers.se:4100/v1/chat/completions "HTTP/1.1 200 OK"
2026-05-19 13:55:23,922 - INFO - HTTP Request: POST https://anast.ita.chalmers.se:4100/v1/chat/completions "HTTP/1.1 200 OK"
2026-05-19 13:55:40,426 - INFO - HTTP Request: POST https://anast.ita.chalmers.se:4100/v1/chat/completions "HTTP/1.1 200 OK"
2026-05-19 13:55:43,137 - INFO - HTTP Request: POST https://anast.ita.chalmers.se:4100/v1/chat/completions "HTTP/1.1 200 OK"
2026-05-19 13:56:01,041 - INFO - HTTP Request: POST https://anast.ita.chalmers.se:4100/v1/chat/completions "HTTP/1.1 200 OK"
2026-05-19 13:56:03,128 - INFO - HTTP Request: POST https://anast.ita.chalmers.se:4100/v1/chat/completions "HTTP/1.1 200 OK"
2026-05-19 13:56:18,904 - INFO - HTTP Request: POST https://anast.ita.chalmers.se:4100/v1/chat/completions "HTTP/1.1 200 OK"
2026-05-19 13:56:20,754 - INFO - HTTP Request: POST https://anast.ita.chalmers.se:4100/v1/chat/completions "HTTP/1.1 200 OK"
2026-05-19 13:56:44,330 - INFO - HTTP Request: POST https://anast.ita.chalmers.se:4100/v1/chat/completions "HTTP/1.1 200 OK"
2026-05-19 13:56:47,519 - INFO - HTTP Request: POST https://anast.ita.chalmers.se:4100/v1/chat/completions "HTTP/1.1 200 OK"
2026-05-19 13:57:07,975 - INFO - HTTP Request: POST https://anast.ita.chalmers.se:4100/v1/chat/completions "HTTP/1.1 200 OK"
2026-05-19 13:57:11,620 - INFO - HTTP Request: POST https://anast.ita.chalmers.se:4100/v1/chat/completions "HTTP/1.1 200 OK"
2026-05-19 13:57:33,414 - INFO - HTTP Request: POST https://anast.ita.chalmers.se:4100/v1/chat/completions "HTTP/1.1 200 OK"
2026-05-19 13:57:37,518 - INFO - HTTP Request: POST https://anast.ita.chalmers.se:4100/v1/chat/completions "HTTP/1.1 200 OK"
2026-05-19 13:57:58,402 - INFO - HTTP Request: POST https://anast.ita.chalmers.se:4100/v1/chat/completions "HTTP/1.1 200 OK"
2026-05-19 13:58:05,448 - INFO - HTTP Request: POST https://anast.ita.chalmers.se:4100/v1/chat/completions "HTTP/1.1 200 OK"
2026-05-19 13:58:26,097 - INFO - HTTP Request: POST https://anast.ita.chalmers.se:4100/v1/chat/completions "HTTP/1.1 200 OK"
2026-05-19 13:58:30,222 - INFO - HTTP Request: POST https://anast.ita.chalmers.se:4100/v1/chat/completions "HTTP/1.1 200 OK"
2026-05-19 13:58:47,627 - INFO - HTTP Request: POST https://anast.ita.chalmers.se:4100/v1/chat/completions "HTTP/1.1 200 OK"
2026-05-19 13:58:50,439 - INFO - HTTP Request: POST https://anast.ita.chalmers.se:4100/v1/chat/completions "HTTP/1.1 200 OK"
2026-05-19 13:59:18,123 - INFO - HTTP Request: POST https://anast.ita.chalmers.se:4100/v1/chat/completions "HTTP/1.1 200 OK"
2026-05-19 13:59:27,123 - INFO - Loading model: microsoft/codebert-base-mlm
/data/users/eliassam/miniforge3/lib/python3.12/site-packages/transformers/tokenization_utils_base.py:1601: FutureWarning: `clean_up_tokenization_spaces` was not set. It will be set to `True` by default. This behavior will be depracted in transformers v4.45, and will be then set to `False` by default. For more details check this issue: https://github.com/huggingface/transformers/issues/31884
  warnings.warn(
Some weights of the model checkpoint at microsoft/codebert-base-mlm were not used when initializing RobertaForMaskedLM: ['roberta.pooler.dense.bias', 'roberta.pooler.dense.weight']
- This IS expected if you are initializing RobertaForMaskedLM from the checkpoint of a model trained on another task or with another architecture (e.g. initializing a BertForSequenceClassification model from a BertForPreTraining model).
- This IS NOT expected if you are initializing RobertaForMaskedLM from the checkpoint of a model that you expect to be exactly identical (initializing a BertForSequenceClassification model from a BertForSequenceClassification model).
2026-05-19 13:59:40,169 - INFO - Processed __main__.dot: Score=0.7027 (1 paths)
2026-05-19 13:59:41,178 - INFO - Processed test_case_0.dot: Score=0.7557 (1 paths)
2026-05-19 13:59:41,816 - INFO - Processed test_case_1.dot: Score=0.4087 (4 paths)
2026-05-19 13:59:41,968 - INFO - Processed test_case_2.dot: Score=0.4158 (2 paths)
2026-05-19 13:59:42,079 - INFO - Processed test_case_3.dot: Score=0.3199 (1 paths)
2026-05-19 13:59:42,265 - INFO - Processed test_case_4.dot: Score=0.2098 (2 paths)
2026-05-19 13:59:45,015 - INFO - Processed test_case_5.dot: Score=0.2289 (31 paths)
2026-05-19 13:59:48,020 - INFO - Processed test_case_6.dot: Score=0.2354 (34 paths)
2026-05-19 13:59:48,728 - INFO - Processed test_case_7.dot: Score=0.1935 (8 paths)
2026-05-19 13:59:49,437 - INFO - Processed test_case_8.dot: Score=0.3195 (9 paths)
2026-05-19 13:59:49,755 - INFO - Processed test_case_9.dot: Score=0.3653 (4 paths)
2026-05-19 13:59:50,016 - INFO - Processed __main__.dot: Score=0.6514 (1 paths)
2026-05-19 13:59:50,092 - INFO - Processed test_timer_error_can_be_instantiated.dot: Score=0.5146 (1 paths)
2026-05-19 13:59:50,379 - INFO - Processed test_starting_already_running_timer_raises_error.dot: Score=0.3042 (4 paths)
2026-05-19 13:59:50,567 - INFO - Processed test_timer_context_manager_enter_and_exit.dot: Score=0.3715 (2 paths)
2026-05-19 13:59:50,727 - INFO - Processed test_timer_exit_without_start_raises_error.dot: Score=0.3319 (2 paths)
2026-05-19 13:59:51,141 - INFO - Processed test_timer_start_with_no_logger_then_enter_on_none_raises.dot: Score=0.1794 (4 paths)
2026-05-19 13:59:54,619 - INFO - Processed test_timer_context_manager_with_nested_timers_and_repr.dot: Score=0.2008 (31 paths)
2026-05-19 13:59:58,262 - INFO - Processed test_timer_context_manager_with_repr_as_initial_text.dot: Score=0.1743 (34 paths)
2026-05-19 13:59:59,344 - INFO - Processed test_timer_start_stop_with_no_logger_then_operate_on_none_keyed_dict.dot: Score=0.2296 (12 paths)
2026-05-19 14:00:00,443 - INFO - Processed test_timer_start_with_nested_timer_as_initial_text_and_equality_as_logger.dot: Score=0.4360 (9 paths)
2026-05-19 14:00:00,738 - INFO - Processed test_timer_start_stop_then_enter_and_copy.dot: Score=0.3097 (4 paths)
