<unknown>:24: SyntaxWarning: invalid escape sequence '\['
<unknown>:25: SyntaxWarning: invalid escape sequence '\['
<unknown>:26: SyntaxWarning: invalid escape sequence '\('
<unknown>:27: SyntaxWarning: invalid escape sequence '\('
<unknown>:28: SyntaxWarning: invalid escape sequence '\e'
2026-05-19 13:55:08,646 - INFO - HTTP Request: POST https://anast.ita.chalmers.se:4100/v1/chat/completions "HTTP/1.1 200 OK"
2026-05-19 13:55:24,171 - INFO - HTTP Request: POST https://anast.ita.chalmers.se:4100/v1/chat/completions "HTTP/1.1 200 OK"
2026-05-19 13:55:26,223 - INFO - HTTP Request: POST https://anast.ita.chalmers.se:4100/v1/chat/completions "HTTP/1.1 200 OK"
2026-05-19 13:55:42,213 - INFO - HTTP Request: POST https://anast.ita.chalmers.se:4100/v1/chat/completions "HTTP/1.1 200 OK"
2026-05-19 13:55:48,689 - INFO - HTTP Request: POST https://anast.ita.chalmers.se:4100/v1/chat/completions "HTTP/1.1 200 OK"
2026-05-19 13:56:05,077 - INFO - HTTP Request: POST https://anast.ita.chalmers.se:4100/v1/chat/completions "HTTP/1.1 200 OK"
2026-05-19 13:56:07,337 - INFO - HTTP Request: POST https://anast.ita.chalmers.se:4100/v1/chat/completions "HTTP/1.1 200 OK"
2026-05-19 13:56:23,532 - INFO - HTTP Request: POST https://anast.ita.chalmers.se:4100/v1/chat/completions "HTTP/1.1 200 OK"
2026-05-19 13:56:25,788 - INFO - HTTP Request: POST https://anast.ita.chalmers.se:4100/v1/chat/completions "HTTP/1.1 200 OK"
2026-05-19 13:56:46,035 - INFO - HTTP Request: POST https://anast.ita.chalmers.se:4100/v1/chat/completions "HTTP/1.1 200 OK"
2026-05-19 13:56:49,225 - INFO - HTTP Request: POST https://anast.ita.chalmers.se:4100/v1/chat/completions "HTTP/1.1 200 OK"
2026-05-19 13:57:11,101 - INFO - HTTP Request: POST https://anast.ita.chalmers.se:4100/v1/chat/completions "HTTP/1.1 200 OK"
2026-05-19 13:57:15,069 - INFO - HTTP Request: POST https://anast.ita.chalmers.se:4100/v1/chat/completions "HTTP/1.1 200 OK"
2026-05-19 13:57:36,675 - INFO - HTTP Request: POST https://anast.ita.chalmers.se:4100/v1/chat/completions "HTTP/1.1 200 OK"
2026-05-19 13:57:41,357 - INFO - HTTP Request: POST https://anast.ita.chalmers.se:4100/v1/chat/completions "HTTP/1.1 200 OK"
2026-05-19 13:58:02,316 - INFO - HTTP Request: POST https://anast.ita.chalmers.se:4100/v1/chat/completions "HTTP/1.1 200 OK"
2026-05-19 13:58:05,624 - INFO - HTTP Request: POST https://anast.ita.chalmers.se:4100/v1/chat/completions "HTTP/1.1 200 OK"
2026-05-19 13:58:25,460 - INFO - HTTP Request: POST https://anast.ita.chalmers.se:4100/v1/chat/completions "HTTP/1.1 200 OK"
2026-05-19 13:58:29,195 - INFO - HTTP Request: POST https://anast.ita.chalmers.se:4100/v1/chat/completions "HTTP/1.1 200 OK"
2026-05-19 13:58:46,132 - INFO - HTTP Request: POST https://anast.ita.chalmers.se:4100/v1/chat/completions "HTTP/1.1 200 OK"
2026-05-19 13:58:48,642 - INFO - HTTP Request: POST https://anast.ita.chalmers.se:4100/v1/chat/completions "HTTP/1.1 200 OK"
2026-05-19 13:59:18,924 - INFO - HTTP Request: POST https://anast.ita.chalmers.se:4100/v1/chat/completions "HTTP/1.1 200 OK"
2026-05-19 13:59:28,945 - INFO - Loading model: microsoft/codebert-base-mlm
/data/users/eliassam/miniforge3/lib/python3.12/site-packages/transformers/tokenization_utils_base.py:1601: FutureWarning: `clean_up_tokenization_spaces` was not set. It will be set to `True` by default. This behavior will be depracted in transformers v4.45, and will be then set to `False` by default. For more details check this issue: https://github.com/huggingface/transformers/issues/31884
  warnings.warn(
Some weights of the model checkpoint at microsoft/codebert-base-mlm were not used when initializing RobertaForMaskedLM: ['roberta.pooler.dense.bias', 'roberta.pooler.dense.weight']
- This IS expected if you are initializing RobertaForMaskedLM from the checkpoint of a model trained on another task or with another architecture (e.g. initializing a BertForSequenceClassification model from a BertForPreTraining model).
- This IS NOT expected if you are initializing RobertaForMaskedLM from the checkpoint of a model that you expect to be exactly identical (initializing a BertForSequenceClassification model from a BertForSequenceClassification model).
2026-05-19 13:59:40,169 - INFO - Processed __main__.dot: Score=0.7027 (1 paths)
2026-05-19 13:59:41,205 - INFO - Processed test_case_0.dot: Score=0.7557 (1 paths)
2026-05-19 13:59:41,569 - INFO - Processed test_case_1.dot: Score=0.4087 (4 paths)
2026-05-19 13:59:41,735 - INFO - Processed test_case_2.dot: Score=0.4158 (2 paths)
2026-05-19 13:59:41,825 - INFO - Processed test_case_3.dot: Score=0.3199 (1 paths)
2026-05-19 13:59:42,018 - INFO - Processed test_case_4.dot: Score=0.2098 (2 paths)
2026-05-19 13:59:44,809 - INFO - Processed test_case_5.dot: Score=0.2289 (31 paths)
2026-05-19 13:59:47,881 - INFO - Processed test_case_6.dot: Score=0.2354 (34 paths)
2026-05-19 13:59:48,506 - INFO - Processed test_case_7.dot: Score=0.1935 (8 paths)
2026-05-19 13:59:49,180 - INFO - Processed test_case_8.dot: Score=0.3195 (9 paths)
2026-05-19 13:59:49,483 - INFO - Processed test_case_9.dot: Score=0.3653 (4 paths)
2026-05-19 13:59:49,805 - INFO - Processed __main__.dot: Score=0.6514 (1 paths)
2026-05-19 13:59:49,920 - INFO - Processed test_timer_error_can_be_instantiated.dot: Score=0.4760 (1 paths)
2026-05-19 13:59:50,258 - INFO - Processed test_timer_raises_error_when_started_while_already_running.dot: Score=0.4399 (5 paths)
2026-05-19 13:59:50,389 - INFO - Processed test_timer_context_manager_enter_and_exit.dot: Score=0.4028 (2 paths)
2026-05-19 13:59:50,573 - INFO - Processed test_timer_exit_without_start_raises_error.dot: Score=0.3319 (2 paths)
2026-05-19 13:59:50,965 - INFO - Processed test_timer_start_with_no_logger_then_invalid_context_manager.dot: Score=0.2725 (4 paths)
2026-05-19 13:59:54,069 - INFO - Processed test_timer_context_manager_enter_stop_and_repr.dot: Score=0.2705 (31 paths)
2026-05-19 13:59:57,757 - INFO - Processed test_timer_context_manager_with_repr_as_initial_text.dot: Score=0.1537 (34 paths)
2026-05-19 13:59:58,681 - INFO - Processed test_timer_start_stop_with_no_logger_then_invalid_operations.dot: Score=0.2463 (8 paths)
2026-05-19 13:59:59,398 - INFO - Processed test_timer_start_with_nested_timer_configurations.dot: Score=0.2481 (9 paths)
2026-05-19 13:59:59,680 - INFO - Processed test_timer_start_stop_then_enter_and_copy.dot: Score=0.3320 (4 paths)
