<unknown>:24: SyntaxWarning: invalid escape sequence '\['
<unknown>:25: SyntaxWarning: invalid escape sequence '\['
<unknown>:26: SyntaxWarning: invalid escape sequence '\('
<unknown>:27: SyntaxWarning: invalid escape sequence '\('
<unknown>:28: SyntaxWarning: invalid escape sequence '\e'
2026-05-18 17:06:27,261 - INFO - HTTP Request: POST https://anast.ita.chalmers.se:4100/v1/chat/completions "HTTP/1.1 200 OK"
/data/users/eliassam/miniforge3/lib/python3.12/site-packages/coverage/control.py:958: CoverageWarning: No data was collected. (no-data-collected); see https://coverage.readthedocs.io/en/7.13.3/messages.html#warning-no-data-collected
  self._warn("No data was collected.", slug="no-data-collected")
2026-05-18 17:06:34,674 - INFO - Loading model: microsoft/codebert-base-mlm
/data/users/eliassam/miniforge3/lib/python3.12/site-packages/transformers/tokenization_utils_base.py:1601: FutureWarning: `clean_up_tokenization_spaces` was not set. It will be set to `True` by default. This behavior will be depracted in transformers v4.45, and will be then set to `False` by default. For more details check this issue: https://github.com/huggingface/transformers/issues/31884
  warnings.warn(
Some weights of the model checkpoint at microsoft/codebert-base-mlm were not used when initializing RobertaForMaskedLM: ['roberta.pooler.dense.bias', 'roberta.pooler.dense.weight']
- This IS expected if you are initializing RobertaForMaskedLM from the checkpoint of a model trained on another task or with another architecture (e.g. initializing a BertForSequenceClassification model from a BertForPreTraining model).
- This IS NOT expected if you are initializing RobertaForMaskedLM from the checkpoint of a model that you expect to be exactly identical (initializing a BertForSequenceClassification model from a BertForSequenceClassification model).
2026-05-18 17:06:38,281 - INFO - Processed __main__.dot: Score=0.6247 (1 paths)
2026-05-18 17:06:39,335 - INFO - Processed test_case_0.dot: Score=0.5517 (1 paths)
2026-05-18 17:06:43,475 - INFO - Processed test_case_1.dot: Score=0.2750 (3 paths)
2026-05-18 17:06:43,570 - INFO - Processed test_case_2.dot: Score=0.2332 (1 paths)
2026-05-18 17:06:43,646 - INFO - Processed test_case_3.dot: Score=0.3506 (1 paths)
2026-05-18 17:06:45,184 - INFO - Processed test_case_4.dot: Score=0.4858 (1 paths)
2026-05-18 17:06:48,451 - INFO - Processed test_case_5.dot: Score=0.1792 (7 paths)
2026-05-18 17:06:48,566 - INFO - Processed test_case_6.dot: Score=0.1989 (1 paths)
2026-05-18 17:06:48,650 - INFO - Processed test_case_7.dot: Score=0.2615 (1 paths)
2026-05-18 17:06:54,439 - INFO - Processed test_case_8.dot: Score=0.1112 (15 paths)
2026-05-18 17:06:54,756 - INFO - Processed test_case_9.dot: Score=0.1418 (3 paths)
2026-05-18 17:06:54,843 - INFO - Processed test_case_10.dot: Score=0.2798 (1 paths)
2026-05-18 17:06:54,922 - INFO - Processed __main__.dot: Score=0.5482 (1 paths)
