/data/users/eliassam/miniforge3/lib/python3.12/site-packages/torch/cuda/__init__.py:628: UserWarning: Can't initialize NVML
  warnings.warn("Can't initialize NVML")
<unknown>:24: SyntaxWarning: invalid escape sequence '\['
<unknown>:25: SyntaxWarning: invalid escape sequence '\['
<unknown>:26: SyntaxWarning: invalid escape sequence '\('
<unknown>:27: SyntaxWarning: invalid escape sequence '\('
<unknown>:28: SyntaxWarning: invalid escape sequence '\e'
/data/users/eliassam/miniforge3/lib/python3.12/site-packages/torch/cuda/__init__.py:628: UserWarning: Can't initialize NVML
  warnings.warn("Can't initialize NVML")
Unrecognized keys in `rope_scaling` for 'rope_type'='linear': {'type'}
Loading checkpoint shards:   0%|          | 0/7 [00:00<?, ?it/s]Loading checkpoint shards:  14%|█▍        | 1/7 [00:36<03:39, 36.59s/it]Loading checkpoint shards:  29%|██▊       | 2/7 [01:08<02:49, 33.87s/it]Loading checkpoint shards:  43%|████▎     | 3/7 [01:39<02:11, 32.76s/it]Loading checkpoint shards:  57%|█████▋    | 4/7 [02:14<01:40, 33.48s/it]Loading checkpoint shards:  71%|███████▏  | 5/7 [02:46<01:06, 33.10s/it]Loading checkpoint shards:  86%|████████▌ | 6/7 [03:17<00:32, 32.32s/it]Loading checkpoint shards: 100%|██████████| 7/7 [03:39<00:00, 28.97s/it]Loading checkpoint shards: 100%|██████████| 7/7 [03:39<00:00, 31.41s/it]
The attention mask is not set and cannot be inferred from input because pad token is same as eos token. As a consequence, you may observe unexpected behavior. Please pass your input's `attention_mask` to obtain reliable results.
/data/users/eliassam/miniforge3/lib/python3.12/site-packages/coverage/control.py:958: CoverageWarning: No data was collected. (no-data-collected); see https://coverage.readthedocs.io/en/7.13.3/messages.html#warning-no-data-collected
  self._warn("No data was collected.", slug="no-data-collected")
2026-05-22 12:06:24,802 - INFO - Loading model: microsoft/codebert-base-mlm
/data/users/eliassam/miniforge3/lib/python3.12/site-packages/transformers/tokenization_utils_base.py:1601: FutureWarning: `clean_up_tokenization_spaces` was not set. It will be set to `True` by default. This behavior will be depracted in transformers v4.45, and will be then set to `False` by default. For more details check this issue: https://github.com/huggingface/transformers/issues/31884
  warnings.warn(
Some weights of the model checkpoint at microsoft/codebert-base-mlm were not used when initializing RobertaForMaskedLM: ['roberta.pooler.dense.bias', 'roberta.pooler.dense.weight']
- This IS expected if you are initializing RobertaForMaskedLM from the checkpoint of a model trained on another task or with another architecture (e.g. initializing a BertForSequenceClassification model from a BertForPreTraining model).
- This IS NOT expected if you are initializing RobertaForMaskedLM from the checkpoint of a model that you expect to be exactly identical (initializing a BertForSequenceClassification model from a BertForSequenceClassification model).
2026-05-22 12:06:28,594 - INFO - Processed __main__.dot: Score=0.8612 (1 paths)
2026-05-22 12:06:28,650 - INFO - Processed test_case_0.dot: Score=0.9121 (1 paths)
2026-05-22 12:06:28,733 - INFO - Processed __main__.dot: Score=0.7748 (1 paths)
2026-05-22 12:06:28,975 - INFO - Processed test_init_headers_formatter.dot: Score=0.7564 (3 paths)
