<unknown>:24: SyntaxWarning: invalid escape sequence '\['
<unknown>:25: SyntaxWarning: invalid escape sequence '\['
<unknown>:26: SyntaxWarning: invalid escape sequence '\('
<unknown>:27: SyntaxWarning: invalid escape sequence '\('
<unknown>:28: SyntaxWarning: invalid escape sequence '\e'
2026-05-19 14:08:00,809 - INFO - HTTP Request: POST https://anast.ita.chalmers.se:4100/v1/chat/completions "HTTP/1.1 200 OK"
2026-05-19 14:08:06,035 - INFO - HTTP Request: POST https://anast.ita.chalmers.se:4100/v1/chat/completions "HTTP/1.1 200 OK"
2026-05-19 14:08:07,804 - INFO - HTTP Request: POST https://anast.ita.chalmers.se:4100/v1/chat/completions "HTTP/1.1 200 OK"
2026-05-19 14:08:12,481 - INFO - HTTP Request: POST https://anast.ita.chalmers.se:4100/v1/chat/completions "HTTP/1.1 200 OK"
2026-05-19 14:08:18,016 - INFO - HTTP Request: POST https://anast.ita.chalmers.se:4100/v1/chat/completions "HTTP/1.1 200 OK"
2026-05-19 14:08:21,389 - INFO - HTTP Request: POST https://anast.ita.chalmers.se:4100/v1/chat/completions "HTTP/1.1 200 OK"
2026-05-19 14:08:23,185 - INFO - HTTP Request: POST https://anast.ita.chalmers.se:4100/v1/chat/completions "HTTP/1.1 200 OK"
2026-05-19 14:08:28,534 - INFO - HTTP Request: POST https://anast.ita.chalmers.se:4100/v1/chat/completions "HTTP/1.1 200 OK"
2026-05-19 14:08:31,467 - INFO - HTTP Request: POST https://anast.ita.chalmers.se:4100/v1/chat/completions "HTTP/1.1 200 OK"
2026-05-19 14:08:37,063 - INFO - HTTP Request: POST https://anast.ita.chalmers.se:4100/v1/chat/completions "HTTP/1.1 200 OK"
2026-05-19 14:08:39,485 - INFO - HTTP Request: POST https://anast.ita.chalmers.se:4100/v1/chat/completions "HTTP/1.1 200 OK"
2026-05-19 14:08:42,394 - INFO - Loading model: microsoft/codebert-base-mlm
/data/users/eliassam/miniforge3/lib/python3.12/site-packages/transformers/tokenization_utils_base.py:1601: FutureWarning: `clean_up_tokenization_spaces` was not set. It will be set to `True` by default. This behavior will be depracted in transformers v4.45, and will be then set to `False` by default. For more details check this issue: https://github.com/huggingface/transformers/issues/31884
  warnings.warn(
Some weights of the model checkpoint at microsoft/codebert-base-mlm were not used when initializing RobertaForMaskedLM: ['roberta.pooler.dense.bias', 'roberta.pooler.dense.weight']
- This IS expected if you are initializing RobertaForMaskedLM from the checkpoint of a model trained on another task or with another architecture (e.g. initializing a BertForSequenceClassification model from a BertForPreTraining model).
- This IS NOT expected if you are initializing RobertaForMaskedLM from the checkpoint of a model that you expect to be exactly identical (initializing a BertForSequenceClassification model from a BertForSequenceClassification model).
2026-05-19 14:08:54,953 - INFO - Processed __main__.dot: Score=0.7173 (1 paths)
2026-05-19 14:08:55,957 - INFO - Processed test_case_0.dot: Score=0.9371 (1 paths)
2026-05-19 14:08:59,499 - INFO - Processed test_case_1.dot: Score=0.3863 (2 paths)
2026-05-19 14:08:59,764 - INFO - Processed test_case_2.dot: Score=0.4633 (1 paths)
2026-05-19 14:08:59,870 - INFO - Processed test_case_3.dot: Score=0.2332 (1 paths)
2026-05-19 14:09:00,004 - INFO - Processed test_case_4.dot: Score=0.4287 (2 paths)
2026-05-19 14:09:00,081 - INFO - Processed __main__.dot: Score=0.6240 (1 paths)
2026-05-19 14:09:00,151 - INFO - Processed test_formatter_plugin_default_instantiation.dot: Score=0.4926 (1 paths)
2026-05-19 14:09:00,305 - INFO - Processed test_auth_plugin_get_auth_with_password_only.dot: Score=0.3943 (2 paths)
2026-05-19 14:09:00,385 - INFO - Processed test_transport_plugin_get_adapter_returns_default.dot: Score=0.3358 (1 paths)
2026-05-19 14:09:00,508 - INFO - Processed test_transport_plugin_get_adapter_after_converter_plugin_initialization.dot: Score=0.2210 (1 paths)
2026-05-19 14:09:00,650 - INFO - Processed test_converter_plugin_convert_with_none_input.dot: Score=0.3526 (2 paths)
