<unknown>:24: SyntaxWarning: invalid escape sequence '\['
<unknown>:25: SyntaxWarning: invalid escape sequence '\['
<unknown>:26: SyntaxWarning: invalid escape sequence '\('
<unknown>:27: SyntaxWarning: invalid escape sequence '\('
<unknown>:28: SyntaxWarning: invalid escape sequence '\e'
2026-05-19 14:08:00,858 - INFO - HTTP Request: POST https://anast.ita.chalmers.se:4100/v1/chat/completions "HTTP/1.1 200 OK"
2026-05-19 14:08:05,828 - INFO - HTTP Request: POST https://anast.ita.chalmers.se:4100/v1/chat/completions "HTTP/1.1 200 OK"
2026-05-19 14:08:07,602 - INFO - HTTP Request: POST https://anast.ita.chalmers.se:4100/v1/chat/completions "HTTP/1.1 200 OK"
2026-05-19 14:08:12,560 - INFO - HTTP Request: POST https://anast.ita.chalmers.se:4100/v1/chat/completions "HTTP/1.1 200 OK"
2026-05-19 14:08:14,538 - INFO - HTTP Request: POST https://anast.ita.chalmers.se:4100/v1/chat/completions "HTTP/1.1 200 OK"
2026-05-19 14:08:18,387 - INFO - HTTP Request: POST https://anast.ita.chalmers.se:4100/v1/chat/completions "HTTP/1.1 200 OK"
2026-05-19 14:08:20,053 - INFO - HTTP Request: POST https://anast.ita.chalmers.se:4100/v1/chat/completions "HTTP/1.1 200 OK"
2026-05-19 14:08:25,566 - INFO - HTTP Request: POST https://anast.ita.chalmers.se:4100/v1/chat/completions "HTTP/1.1 200 OK"
2026-05-19 14:08:28,038 - INFO - HTTP Request: POST https://anast.ita.chalmers.se:4100/v1/chat/completions "HTTP/1.1 200 OK"
2026-05-19 14:08:32,383 - INFO - HTTP Request: POST https://anast.ita.chalmers.se:4100/v1/chat/completions "HTTP/1.1 200 OK"
2026-05-19 14:08:44,853 - INFO - HTTP Request: POST https://anast.ita.chalmers.se:4100/v1/chat/completions "HTTP/1.1 200 OK"
2026-05-19 14:08:45,910 - INFO - Loading model: microsoft/codebert-base-mlm
/data/users/eliassam/miniforge3/lib/python3.12/site-packages/transformers/tokenization_utils_base.py:1601: FutureWarning: `clean_up_tokenization_spaces` was not set. It will be set to `True` by default. This behavior will be depracted in transformers v4.45, and will be then set to `False` by default. For more details check this issue: https://github.com/huggingface/transformers/issues/31884
  warnings.warn(
Some weights of the model checkpoint at microsoft/codebert-base-mlm were not used when initializing RobertaForMaskedLM: ['roberta.pooler.dense.bias', 'roberta.pooler.dense.weight']
- This IS expected if you are initializing RobertaForMaskedLM from the checkpoint of a model trained on another task or with another architecture (e.g. initializing a BertForSequenceClassification model from a BertForPreTraining model).
- This IS NOT expected if you are initializing RobertaForMaskedLM from the checkpoint of a model that you expect to be exactly identical (initializing a BertForSequenceClassification model from a BertForSequenceClassification model).
2026-05-19 14:08:54,977 - INFO - Processed __main__.dot: Score=0.7173 (1 paths)
2026-05-19 14:08:55,987 - INFO - Processed test_case_0.dot: Score=0.9371 (1 paths)
2026-05-19 14:08:59,607 - INFO - Processed test_case_1.dot: Score=0.3863 (2 paths)
2026-05-19 14:09:01,233 - INFO - Processed test_case_2.dot: Score=0.4633 (1 paths)
2026-05-19 14:09:03,042 - INFO - Processed test_case_3.dot: Score=0.2332 (1 paths)
2026-05-19 14:09:06,465 - INFO - Processed test_case_4.dot: Score=0.4287 (2 paths)
2026-05-19 14:09:07,212 - INFO - Processed __main__.dot: Score=0.6240 (1 paths)
2026-05-19 14:09:07,262 - INFO - Processed test_formatter_plugin_default_instantiation.dot: Score=0.4926 (1 paths)
2026-05-19 14:09:07,378 - INFO - Processed test_auth_plugin_get_auth_with_password_only.dot: Score=0.3943 (2 paths)
2026-05-19 14:09:07,440 - INFO - Processed test_transport_plugin_get_adapter_returns_default.dot: Score=0.3358 (1 paths)
2026-05-19 14:09:07,550 - INFO - Processed test_converter_plugin_instantiation_and_transport_plugin_default_adapter.dot: Score=0.2393 (1 paths)
2026-05-19 14:09:07,681 - INFO - Processed test_converter_plugin_convert_with_none_input.dot: Score=0.3526 (2 paths)
