<unknown>:24: SyntaxWarning: invalid escape sequence '\['
<unknown>:25: SyntaxWarning: invalid escape sequence '\['
<unknown>:26: SyntaxWarning: invalid escape sequence '\('
<unknown>:27: SyntaxWarning: invalid escape sequence '\('
<unknown>:28: SyntaxWarning: invalid escape sequence '\e'
Unrecognized keys in `rope_scaling` for 'rope_type'='linear': {'type'}
Loading checkpoint shards:   0%|          | 0/7 [00:00<?, ?it/s]Loading checkpoint shards:  14%|█▍        | 1/7 [00:04<00:27,  4.61s/it]Loading checkpoint shards:  29%|██▊       | 2/7 [00:08<00:22,  4.47s/it]Loading checkpoint shards:  43%|████▎     | 3/7 [00:13<00:18,  4.57s/it]Loading checkpoint shards:  57%|█████▋    | 4/7 [00:17<00:13,  4.44s/it]Loading checkpoint shards:  71%|███████▏  | 5/7 [00:22<00:08,  4.39s/it]Loading checkpoint shards:  86%|████████▌ | 6/7 [00:26<00:04,  4.35s/it]Loading checkpoint shards: 100%|██████████| 7/7 [00:29<00:00,  3.97s/it]Loading checkpoint shards: 100%|██████████| 7/7 [00:29<00:00,  4.24s/it]
The attention mask is not set and cannot be inferred from input because pad token is same as eos token. As a consequence, you may observe unexpected behavior. Please pass your input's `attention_mask` to obtain reliable results.
2026-05-19 13:49:46,328 - INFO - Loading model: microsoft/codebert-base-mlm
/data/users/eliassam/miniforge3/lib/python3.12/site-packages/transformers/tokenization_utils_base.py:1601: FutureWarning: `clean_up_tokenization_spaces` was not set. It will be set to `True` by default. This behavior will be depracted in transformers v4.45, and will be then set to `False` by default. For more details check this issue: https://github.com/huggingface/transformers/issues/31884
  warnings.warn(
Some weights of the model checkpoint at microsoft/codebert-base-mlm were not used when initializing RobertaForMaskedLM: ['roberta.pooler.dense.bias', 'roberta.pooler.dense.weight']
- This IS expected if you are initializing RobertaForMaskedLM from the checkpoint of a model trained on another task or with another architecture (e.g. initializing a BertForSequenceClassification model from a BertForPreTraining model).
- This IS NOT expected if you are initializing RobertaForMaskedLM from the checkpoint of a model that you expect to be exactly identical (initializing a BertForSequenceClassification model from a BertForSequenceClassification model).
2026-05-19 13:49:47,870 - INFO - Processed __main__.dot: Score=0.6247 (1 paths)
2026-05-19 13:49:47,926 - INFO - Processed test_case_0.dot: Score=0.5517 (1 paths)
2026-05-19 13:49:48,131 - INFO - Processed test_case_1.dot: Score=0.2750 (3 paths)
2026-05-19 13:49:48,213 - INFO - Processed test_case_2.dot: Score=0.2332 (1 paths)
2026-05-19 13:49:48,317 - INFO - Processed test_case_3.dot: Score=0.3506 (1 paths)
2026-05-19 13:49:48,375 - INFO - Processed test_case_4.dot: Score=0.4858 (1 paths)
2026-05-19 13:49:49,117 - INFO - Processed test_case_5.dot: Score=0.1792 (7 paths)
2026-05-19 13:49:49,231 - INFO - Processed test_case_6.dot: Score=0.1989 (1 paths)
2026-05-19 13:49:49,312 - INFO - Processed test_case_7.dot: Score=0.2615 (1 paths)
2026-05-19 13:49:51,224 - INFO - Processed test_case_8.dot: Score=0.1112 (15 paths)
2026-05-19 13:49:51,545 - INFO - Processed test_case_9.dot: Score=0.1418 (3 paths)
2026-05-19 13:49:51,631 - INFO - Processed test_case_10.dot: Score=0.2798 (1 paths)
2026-05-19 13:49:51,724 - INFO - Processed __main__.dot: Score=0.5703 (1 paths)
2026-05-19 13:49:51,771 - INFO - Processed test_namedtupleutils_to_namedtuple_functionality.dot: Score=0.8282 (1 paths)
2026-05-19 13:49:51,816 - INFO - Processed test_namedtuple_creation_from_valid_data.dot: Score=0.9639 (1 paths)
2026-05-19 13:49:51,867 - INFO - Processed test_transforming_dictionary_to_namedtuple_and_namedtuple_to_namedtuple.dot: Score=0.5517 (1 paths)
2026-05-19 13:49:51,917 - INFO - Processed test_to_namedtuple_conversion_for_bytes_from_namedtuple_utils.dot: Score=0.5820 (1 paths)
2026-05-19 13:49:51,967 - INFO - Processed test_to_namedtuple_conversion_on_empty_tuple_different_name.dot: Score=0.5852 (1 paths)
2026-05-19 13:49:52,010 - INFO - Processed test_multiple_namedtuples_creation.dot: Score=0.9960 (1 paths)
2026-05-19 13:49:52,056 - INFO - Processed test_create_namedtuple_from_large_dictionary.dot: Score=0.8682 (1 paths)
2026-05-19 13:49:52,101 - INFO - Processed test_transform_dictionary_to_namedtuple.dot: Score=0.9093 (1 paths)
2026-05-19 13:49:52,146 - INFO - Processed test_namedtuple_creation_from_bytes.dot: Score=1.0455 (1 paths)
2026-05-19 13:49:52,191 - INFO - Processed test_namedtuple_creation_from_empty_tuple.dot: Score=0.9338 (1 paths)
2026-05-19 13:49:52,234 - INFO - Processed test_multiple_namedtuple_creation.dot: Score=0.9952 (1 paths)
2026-05-19 13:49:52,281 - INFO - Processed test_namedtuple_creation_from_large_dictionary.dot: Score=0.8690 (1 paths)
2026-05-19 13:49:52,328 - INFO - Processed test_to_namedtuple_normalize_path_normalize_values.dot: Score=0.7129 (1 paths)
2026-05-19 13:49:52,374 - INFO - Processed test_namedtupleutils_to_namedtuple_functionality_1.dot: Score=0.7737 (1 paths)
