/data/users/eliassam/miniforge3/lib/python3.12/site-packages/torch/cuda/__init__.py:628: UserWarning: Can't initialize NVML
  warnings.warn("Can't initialize NVML")
<unknown>:24: SyntaxWarning: invalid escape sequence '\['
<unknown>:25: SyntaxWarning: invalid escape sequence '\['
<unknown>:26: SyntaxWarning: invalid escape sequence '\('
<unknown>:27: SyntaxWarning: invalid escape sequence '\('
<unknown>:28: SyntaxWarning: invalid escape sequence '\e'
2026-05-26 12:35:29,898 - INFO - HTTP Request: POST https://anast.ita.chalmers.se:4100/v1/chat/completions "HTTP/1.1 200 OK"
2026-05-26 12:35:44,852 - INFO - HTTP Request: POST https://anast.ita.chalmers.se:4100/v1/chat/completions "HTTP/1.1 200 OK"
2026-05-26 12:35:46,746 - INFO - HTTP Request: POST https://anast.ita.chalmers.se:4100/v1/chat/completions "HTTP/1.1 200 OK"
2026-05-26 12:35:59,118 - INFO - HTTP Request: POST https://anast.ita.chalmers.se:4100/v1/chat/completions "HTTP/1.1 200 OK"
2026-05-26 12:36:01,151 - INFO - HTTP Request: POST https://anast.ita.chalmers.se:4100/v1/chat/completions "HTTP/1.1 200 OK"
2026-05-26 12:36:21,064 - INFO - HTTP Request: POST https://anast.ita.chalmers.se:4100/v1/chat/completions "HTTP/1.1 200 OK"
2026-05-26 12:36:26,171 - INFO - HTTP Request: POST https://anast.ita.chalmers.se:4100/v1/chat/completions "HTTP/1.1 200 OK"
2026-05-26 12:36:40,225 - INFO - HTTP Request: POST https://anast.ita.chalmers.se:4100/v1/chat/completions "HTTP/1.1 200 OK"
2026-05-26 12:36:42,559 - INFO - HTTP Request: POST https://anast.ita.chalmers.se:4100/v1/chat/completions "HTTP/1.1 200 OK"
2026-05-26 12:36:58,531 - INFO - HTTP Request: POST https://anast.ita.chalmers.se:4100/v1/chat/completions "HTTP/1.1 200 OK"
2026-05-26 12:37:02,302 - INFO - HTTP Request: POST https://anast.ita.chalmers.se:4100/v1/chat/completions "HTTP/1.1 200 OK"
2026-05-26 12:37:15,167 - INFO - HTTP Request: POST https://anast.ita.chalmers.se:4100/v1/chat/completions "HTTP/1.1 200 OK"
2026-05-26 12:37:17,096 - INFO - HTTP Request: POST https://anast.ita.chalmers.se:4100/v1/chat/completions "HTTP/1.1 200 OK"
2026-05-26 12:37:30,792 - INFO - HTTP Request: POST https://anast.ita.chalmers.se:4100/v1/chat/completions "HTTP/1.1 200 OK"
2026-05-26 12:37:33,852 - INFO - HTTP Request: POST https://anast.ita.chalmers.se:4100/v1/chat/completions "HTTP/1.1 200 OK"
2026-05-26 12:37:51,972 - INFO - HTTP Request: POST https://anast.ita.chalmers.se:4100/v1/chat/completions "HTTP/1.1 200 OK"
2026-05-26 12:37:57,097 - INFO - HTTP Request: POST https://anast.ita.chalmers.se:4100/v1/chat/completions "HTTP/1.1 200 OK"
2026-05-26 12:38:09,588 - INFO - HTTP Request: POST https://anast.ita.chalmers.se:4100/v1/chat/completions "HTTP/1.1 200 OK"
2026-05-26 12:38:11,831 - INFO - HTTP Request: POST https://anast.ita.chalmers.se:4100/v1/chat/completions "HTTP/1.1 200 OK"
2026-05-26 12:38:27,536 - INFO - HTTP Request: POST https://anast.ita.chalmers.se:4100/v1/chat/completions "HTTP/1.1 200 OK"
2026-05-26 12:38:31,310 - INFO - HTTP Request: POST https://anast.ita.chalmers.se:4100/v1/chat/completions "HTTP/1.1 200 OK"
2026-05-26 12:38:47,320 - INFO - HTTP Request: POST https://anast.ita.chalmers.se:4100/v1/chat/completions "HTTP/1.1 200 OK"
2026-05-26 12:38:51,150 - INFO - HTTP Request: POST https://anast.ita.chalmers.se:4100/v1/chat/completions "HTTP/1.1 200 OK"
2026-05-26 12:39:07,639 - INFO - HTTP Request: POST https://anast.ita.chalmers.se:4100/v1/chat/completions "HTTP/1.1 200 OK"
2026-05-26 12:39:11,868 - INFO - HTTP Request: POST https://anast.ita.chalmers.se:4100/v1/chat/completions "HTTP/1.1 200 OK"
2026-05-26 12:39:28,515 - INFO - HTTP Request: POST https://anast.ita.chalmers.se:4100/v1/chat/completions "HTTP/1.1 200 OK"
2026-05-26 12:39:32,434 - INFO - HTTP Request: POST https://anast.ita.chalmers.se:4100/v1/chat/completions "HTTP/1.1 200 OK"
2026-05-26 12:39:47,483 - INFO - HTTP Request: POST https://anast.ita.chalmers.se:4100/v1/chat/completions "HTTP/1.1 200 OK"
2026-05-26 12:39:51,170 - INFO - HTTP Request: POST https://anast.ita.chalmers.se:4100/v1/chat/completions "HTTP/1.1 200 OK"
2026-05-26 12:40:07,944 - INFO - HTTP Request: POST https://anast.ita.chalmers.se:4100/v1/chat/completions "HTTP/1.1 200 OK"
2026-05-26 12:40:12,533 - INFO - HTTP Request: POST https://anast.ita.chalmers.se:4100/v1/chat/completions "HTTP/1.1 200 OK"
2026-05-26 12:40:25,080 - INFO - HTTP Request: POST https://anast.ita.chalmers.se:4100/v1/chat/completions "HTTP/1.1 200 OK"
2026-05-26 12:40:27,527 - INFO - HTTP Request: POST https://anast.ita.chalmers.se:4100/v1/chat/completions "HTTP/1.1 200 OK"
2026-05-26 12:40:44,922 - INFO - HTTP Request: POST https://anast.ita.chalmers.se:4100/v1/chat/completions "HTTP/1.1 200 OK"
2026-05-26 12:40:49,906 - INFO - HTTP Request: POST https://anast.ita.chalmers.se:4100/v1/chat/completions "HTTP/1.1 200 OK"
2026-05-26 12:41:09,093 - INFO - HTTP Request: POST https://anast.ita.chalmers.se:4100/v1/chat/completions "HTTP/1.1 200 OK"
2026-05-26 12:41:14,477 - INFO - HTTP Request: POST https://anast.ita.chalmers.se:4100/v1/chat/completions "HTTP/1.1 200 OK"
2026-05-26 12:41:30,182 - INFO - HTTP Request: POST https://anast.ita.chalmers.se:4100/v1/chat/completions "HTTP/1.1 200 OK"
2026-05-26 12:41:33,810 - INFO - HTTP Request: POST https://anast.ita.chalmers.se:4100/v1/chat/completions "HTTP/1.1 200 OK"
2026-05-26 12:41:47,808 - INFO - HTTP Request: POST https://anast.ita.chalmers.se:4100/v1/chat/completions "HTTP/1.1 200 OK"
2026-05-26 12:41:50,824 - INFO - HTTP Request: POST https://anast.ita.chalmers.se:4100/v1/chat/completions "HTTP/1.1 200 OK"
2026-05-26 12:42:19,069 - INFO - HTTP Request: POST https://anast.ita.chalmers.se:4100/v1/chat/completions "HTTP/1.1 200 OK"
2026-05-26 12:43:03,991 - INFO - Loading model: microsoft/codebert-base-mlm
/data/users/eliassam/miniforge3/lib/python3.12/site-packages/transformers/tokenization_utils_base.py:1601: FutureWarning: `clean_up_tokenization_spaces` was not set. It will be set to `True` by default. This behavior will be depracted in transformers v4.45, and will be then set to `False` by default. For more details check this issue: https://github.com/huggingface/transformers/issues/31884
  warnings.warn(
Some weights of the model checkpoint at microsoft/codebert-base-mlm were not used when initializing RobertaForMaskedLM: ['roberta.pooler.dense.bias', 'roberta.pooler.dense.weight']
- This IS expected if you are initializing RobertaForMaskedLM from the checkpoint of a model trained on another task or with another architecture (e.g. initializing a BertForSequenceClassification model from a BertForPreTraining model).
- This IS NOT expected if you are initializing RobertaForMaskedLM from the checkpoint of a model that you expect to be exactly identical (initializing a BertForSequenceClassification model from a BertForSequenceClassification model).
2026-05-26 12:43:06,631 - INFO - Processed __main__.dot: Score=0.8692 (1 paths)
2026-05-26 12:43:07,933 - INFO - Processed test_case_0.dot: Score=0.3918 (1 paths)
2026-05-26 12:43:07,997 - INFO - Processed test_case_1.dot: Score=0.4033 (1 paths)
2026-05-26 12:43:18,630 - INFO - Processed test_case_2.dot: Score=0.1618 (50 paths)
2026-05-26 12:43:18,749 - INFO - Processed test_case_3.dot: Score=0.3069 (2 paths)
2026-05-26 12:43:19,043 - INFO - Processed test_case_4.dot: Score=0.2873 (5 paths)
2026-05-26 12:43:19,185 - INFO - Processed test_case_5.dot: Score=0.4323 (3 paths)
2026-05-26 12:43:19,358 - INFO - Processed test_case_6.dot: Score=0.2701 (3 paths)
2026-05-26 12:43:23,027 - INFO - Processed test_case_7.dot: Score=0.1339 (38 paths)
2026-05-26 12:43:23,172 - INFO - Processed test_case_8.dot: Score=0.4911 (3 paths)
2026-05-26 12:43:23,902 - INFO - Processed test_case_9.dot: Score=0.2056 (12 paths)
2026-05-26 12:43:24,300 - INFO - Processed test_case_10.dot: Score=0.2094 (6 paths)
2026-05-26 12:43:25,905 - INFO - Processed test_case_11.dot: Score=0.1839 (24 paths)
2026-05-26 12:43:28,268 - INFO - Processed test_case_12.dot: Score=0.1645 (34 paths)
2026-05-26 12:43:28,865 - INFO - Processed test_case_13.dot: Score=0.1918 (10 paths)
2026-05-26 12:43:29,991 - INFO - Processed test_case_14.dot: Score=0.1790 (18 paths)
2026-05-26 12:43:30,102 - INFO - Processed test_case_15.dot: Score=0.2980 (2 paths)
2026-05-26 12:43:35,127 - INFO - Processed test_case_16.dot: Score=0.1663 (40 paths)
2026-05-26 12:43:40,859 - INFO - Processed test_case_17.dot: Score=0.1025 (50 paths)
2026-05-26 12:43:41,602 - INFO - Processed test_case_18.dot: Score=0.2135 (13 paths)
2026-05-26 12:43:41,716 - INFO - Processed test_case_19.dot: Score=0.2928 (2 paths)
2026-05-26 12:43:41,831 - INFO - Processed __main__.dot: Score=0.6625 (1 paths)
2026-05-26 12:43:41,903 - INFO - Processed test_maybe_constructed_with_bytes_arguments.dot: Score=0.3097 (1 paths)
2026-05-26 12:43:42,009 - INFO - Processed test_maybe_accepts_two_none_arguments.dot: Score=0.3379 (2 paths)
2026-05-26 12:43:47,637 - INFO - Processed test_maybe_chained_operations_with_string_value.dot: Score=0.1657 (50 paths)
2026-05-26 12:43:47,771 - INFO - Processed test_maybe_eq_returns_false_when_compared_to_set.dot: Score=0.2556 (2 paths)
2026-05-26 12:43:48,423 - INFO - Processed test_maybe_bind_map_then_invalid_method_on_set.dot: Score=0.1861 (10 paths)
2026-05-26 12:43:48,584 - INFO - Processed test_maybe_map_with_none_value_and_false_flag.dot: Score=0.3198 (3 paths)
2026-05-26 12:43:48,778 - INFO - Processed test_maybe_bind_with_empty_dict_on_none_value_maybe.dot: Score=0.2512 (3 paths)
2026-05-26 12:43:52,514 - INFO - Processed test_maybe_filter_and_ap_chaining_with_mixed_types.dot: Score=0.1033 (38 paths)
2026-05-26 12:43:52,680 - INFO - Processed test_maybe_ap_with_none_value_and_false_flag.dot: Score=0.4411 (3 paths)
2026-05-26 12:43:53,571 - INFO - Processed test_maybe_filter_and_lazy_map_chaining.dot: Score=0.1820 (12 paths)
2026-05-26 12:43:54,035 - INFO - Processed test_maybe_filter_on_none_value_with_lazy_conversion.dot: Score=0.2162 (6 paths)
2026-05-26 12:43:56,031 - INFO - Processed test_maybe_get_or_else_and_filter_with_complex_values.dot: Score=0.1503 (24 paths)
2026-05-26 12:43:58,568 - INFO - Processed test_maybe_to_validation_and_chained_operations.dot: Score=0.1553 (32 paths)
2026-05-26 12:43:59,327 - INFO - Processed test_maybe_map_with_none_value_and_maybe_to_either_with_int.dot: Score=0.2396 (10 paths)
2026-05-26 12:43:59,398 - INFO - Processed test_maybe_conversions_with_none_and_nested_maybe.dot: Score=0.4049 (1 paths)
